<!doctype html public "-//w3c//dtd html 4.0 transitional//en">
<html><head>
<title>Static Call Graph - [DC_Load\DC_Load.axf]</title></head>
<body><HR>
<H1>Static Call Graph for image DC_Load\DC_Load.axf</H1><HR>
<BR><P>#&#060CALLGRAPH&#062# ARM Linker, 5060750: Last Updated: Mon May 25 23:51:37 2020
<BR><P>
<H3>Maximum Stack Usage =        904 bytes + Unknown(Functions without stacksize, Cycles, Untraceable Function Pointers)</H3><H3>
Call chain for Maximum Stack Depth:</H3>
StartTouchGFX &rArr; MX_TouchGFX_Process &rArr; touchgfx_taskEntry &rArr; TouchGFXHAL::taskEntry() &rArr; f_open &rArr; dir_register &rArr; dir_find &rArr; dir_next &rArr; create_chain &rArr; put_fat &rArr; move_window &rArr; sync_window &rArr; disk_write
<P>
<H3>
Functions with no stack information
</H3><UL>
 <LI><a href="#[1d1]">__user_initial_stackheap</a>
</UL>
</UL>
<P>
<H3>
Mutually Recursive functions
</H3> <LI><a href="#[45]">ADC_IRQHandler</a>&nbsp;&nbsp;&nbsp;&rArr;&nbsp;&nbsp;&nbsp;<a href="#[45]">ADC_IRQHandler</a><BR>
 <LI><a href="#[3a5]">touchgfx::TextProvider::getNextCharInternal()</a>&nbsp;&nbsp;&nbsp;&rArr;&nbsp;&nbsp;&nbsp;<a href="#[3a5]">touchgfx::TextProvider::getNextCharInternal()</a><BR>
 <LI><a href="#[3f8]">touchgfx::Screen::JSMOC(const touchgfx::Rect&, touchgfx::Drawable*)</a>&nbsp;&nbsp;&nbsp;&rArr;&nbsp;&nbsp;&nbsp;<a href="#[3f8]">touchgfx::Screen::JSMOC(const touchgfx::Rect&, touchgfx::Drawable*)</a><BR>
 <LI><a href="#[3ff]">touchgfx::CWRUtil::arcsine(touchgfx::CWRUtil::Q10)</a>&nbsp;&nbsp;&nbsp;&rArr;&nbsp;&nbsp;&nbsp;<a href="#[3ff]">touchgfx::CWRUtil::arcsine(touchgfx::CWRUtil::Q10)</a><BR>
 <LI><a href="#[3fe]">touchgfx::CWRUtil::_angle(touchgfx::CWRUtil::Q5, touchgfx::CWRUtil::Q5, touchgfx::CWRUtil::Q5&)</a>&nbsp;&nbsp;&nbsp;&rArr;&nbsp;&nbsp;&nbsp;<a href="#[3fe]">touchgfx::CWRUtil::_angle(touchgfx::CWRUtil::Q5, touchgfx::CWRUtil::Q5, touchgfx::CWRUtil::Q5&)</a><BR>
</UL>
<P>
<H3>
Function Pointers
</H3><UL>
 <LI><a href="#[45]">ADC_IRQHandler</a> from startup_stm32f746xx.o(.text) referenced from startup_stm32f746xx.o(RESET)
 <LI><a href="#[2d]">BusFault_Handler</a> from stm32f7xx_it.o(i.BusFault_Handler) referenced from startup_stm32f746xx.o(RESET)
 <LI><a href="#[47]">CAN1_RX0_IRQHandler</a> from startup_stm32f746xx.o(.text) referenced from startup_stm32f746xx.o(RESET)
 <LI><a href="#[48]">CAN1_RX1_IRQHandler</a> from startup_stm32f746xx.o(.text) referenced from startup_stm32f746xx.o(RESET)
 <LI><a href="#[49]">CAN1_SCE_IRQHandler</a> from startup_stm32f746xx.o(.text) referenced from startup_stm32f746xx.o(RESET)
 <LI><a href="#[46]">CAN1_TX_IRQHandler</a> from startup_stm32f746xx.o(.text) referenced from startup_stm32f746xx.o(RESET)
 <LI><a href="#[73]">CAN2_RX0_IRQHandler</a> from startup_stm32f746xx.o(.text) referenced from startup_stm32f746xx.o(RESET)
 <LI><a href="#[74]">CAN2_RX1_IRQHandler</a> from startup_stm32f746xx.o(.text) referenced from startup_stm32f746xx.o(RESET)
 <LI><a href="#[75]">CAN2_SCE_IRQHandler</a> from startup_stm32f746xx.o(.text) referenced from startup_stm32f746xx.o(RESET)
 <LI><a href="#[72]">CAN2_TX_IRQHandler</a> from startup_stm32f746xx.o(.text) referenced from startup_stm32f746xx.o(RESET)
 <LI><a href="#[1a]">CDC_Control_FS</a> from usbd_cdc_if.o(i.CDC_Control_FS) referenced 2 times from usbd_cdc_if.o(.data)
 <LI><a href="#[19]">CDC_DeInit_FS</a> from usbd_cdc_if.o(i.CDC_DeInit_FS) referenced 2 times from usbd_cdc_if.o(.data)
 <LI><a href="#[18]">CDC_Init_FS</a> from usbd_cdc_if.o(i.CDC_Init_FS) referenced 2 times from usbd_cdc_if.o(.data)
 <LI><a href="#[1b]">CDC_Receive_FS</a> from usbd_cdc_if.o(i.CDC_Receive_FS) referenced 2 times from usbd_cdc_if.o(.data)
 <LI><a href="#[1c]">CDC_TransmitCplt_FS</a> from usbd_cdc_if.o(i.CDC_TransmitCplt_FS) referenced 2 times from usbd_cdc_if.o(.data)
 <LI><a href="#[90]">CEC_IRQHandler</a> from startup_stm32f746xx.o(.text) referenced from startup_stm32f746xx.o(RESET)
 <LI><a href="#[81]">DCMI_IRQHandler</a> from startup_stm32f746xx.o(.text) referenced from startup_stm32f746xx.o(RESET)
 <LI><a href="#[3e]">DMA1_Stream0_IRQHandler</a> from startup_stm32f746xx.o(.text) referenced from startup_stm32f746xx.o(RESET)
 <LI><a href="#[3f]">DMA1_Stream1_IRQHandler</a> from startup_stm32f746xx.o(.text) referenced from startup_stm32f746xx.o(RESET)
 <LI><a href="#[40]">DMA1_Stream2_IRQHandler</a> from startup_stm32f746xx.o(.text) referenced from startup_stm32f746xx.o(RESET)
 <LI><a href="#[41]">DMA1_Stream3_IRQHandler</a> from startup_stm32f746xx.o(.text) referenced from startup_stm32f746xx.o(RESET)
 <LI><a href="#[42]">DMA1_Stream4_IRQHandler</a> from startup_stm32f746xx.o(.text) referenced from startup_stm32f746xx.o(RESET)
 <LI><a href="#[43]">DMA1_Stream5_IRQHandler</a> from startup_stm32f746xx.o(.text) referenced from startup_stm32f746xx.o(RESET)
 <LI><a href="#[44]">DMA1_Stream6_IRQHandler</a> from startup_stm32f746xx.o(.text) referenced from startup_stm32f746xx.o(RESET)
 <LI><a href="#[62]">DMA1_Stream7_IRQHandler</a> from startup_stm32f746xx.o(.text) referenced from startup_stm32f746xx.o(RESET)
 <LI><a href="#[8c]">DMA2D_IRQHandler</a> from stm32f7xx_it.o(i.DMA2D_IRQHandler) referenced from startup_stm32f746xx.o(RESET)
 <LI><a href="#[6b]">DMA2_Stream0_IRQHandler</a> from startup_stm32f746xx.o(.text) referenced from startup_stm32f746xx.o(RESET)
 <LI><a href="#[6c]">DMA2_Stream1_IRQHandler</a> from startup_stm32f746xx.o(.text) referenced from startup_stm32f746xx.o(RESET)
 <LI><a href="#[6d]">DMA2_Stream2_IRQHandler</a> from startup_stm32f746xx.o(.text) referenced from startup_stm32f746xx.o(RESET)
 <LI><a href="#[6e]">DMA2_Stream3_IRQHandler</a> from stm32f7xx_it.o(i.DMA2_Stream3_IRQHandler) referenced from startup_stm32f746xx.o(RESET)
 <LI><a href="#[6f]">DMA2_Stream4_IRQHandler</a> from startup_stm32f746xx.o(.text) referenced from startup_stm32f746xx.o(RESET)
 <LI><a href="#[77]">DMA2_Stream5_IRQHandler</a> from startup_stm32f746xx.o(.text) referenced from startup_stm32f746xx.o(RESET)
 <LI><a href="#[78]">DMA2_Stream6_IRQHandler</a> from stm32f7xx_it.o(i.DMA2_Stream6_IRQHandler) referenced from startup_stm32f746xx.o(RESET)
 <LI><a href="#[79]">DMA2_Stream7_IRQHandler</a> from startup_stm32f746xx.o(.text) referenced from startup_stm32f746xx.o(RESET)
 <LI><a href="#[30]">DebugMon_Handler</a> from stm32f7xx_it.o(i.DebugMon_Handler) referenced from startup_stm32f746xx.o(RESET)
 <LI><a href="#[70]">ETH_IRQHandler</a> from startup_stm32f746xx.o(.text) referenced from startup_stm32f746xx.o(RESET)
 <LI><a href="#[71]">ETH_WKUP_IRQHandler</a> from startup_stm32f746xx.o(.text) referenced from startup_stm32f746xx.o(RESET)
 <LI><a href="#[39]">EXTI0_IRQHandler</a> from startup_stm32f746xx.o(.text) referenced from startup_stm32f746xx.o(RESET)
 <LI><a href="#[5b]">EXTI15_10_IRQHandler</a> from startup_stm32f746xx.o(.text) referenced from startup_stm32f746xx.o(RESET)
 <LI><a href="#[3a]">EXTI1_IRQHandler</a> from startup_stm32f746xx.o(.text) referenced from startup_stm32f746xx.o(RESET)
 <LI><a href="#[3b]">EXTI2_IRQHandler</a> from startup_stm32f746xx.o(.text) referenced from startup_stm32f746xx.o(RESET)
 <LI><a href="#[3c]">EXTI3_IRQHandler</a> from startup_stm32f746xx.o(.text) referenced from startup_stm32f746xx.o(RESET)
 <LI><a href="#[3d]">EXTI4_IRQHandler</a> from startup_stm32f746xx.o(.text) referenced from startup_stm32f746xx.o(RESET)
 <LI><a href="#[4a]">EXTI9_5_IRQHandler</a> from startup_stm32f746xx.o(.text) referenced from startup_stm32f746xx.o(RESET)
 <LI><a href="#[37]">FLASH_IRQHandler</a> from startup_stm32f746xx.o(.text) referenced from startup_stm32f746xx.o(RESET)
 <LI><a href="#[63]">FMC_IRQHandler</a> from startup_stm32f746xx.o(.text) referenced from startup_stm32f746xx.o(RESET)
 <LI><a href="#[83]">FPU_IRQHandler</a> from startup_stm32f746xx.o(.text) referenced from startup_stm32f746xx.o(RESET)
 <LI><a href="#[2b]">HardFault_Handler</a> from stm32f7xx_it.o(i.HardFault_Handler) referenced from startup_stm32f746xx.o(RESET)
 <LI><a href="#[53]">I2C1_ER_IRQHandler</a> from startup_stm32f746xx.o(.text) referenced from startup_stm32f746xx.o(RESET)
 <LI><a href="#[52]">I2C1_EV_IRQHandler</a> from startup_stm32f746xx.o(.text) referenced from startup_stm32f746xx.o(RESET)
 <LI><a href="#[55]">I2C2_ER_IRQHandler</a> from startup_stm32f746xx.o(.text) referenced from startup_stm32f746xx.o(RESET)
 <LI><a href="#[54]">I2C2_EV_IRQHandler</a> from startup_stm32f746xx.o(.text) referenced from startup_stm32f746xx.o(RESET)
 <LI><a href="#[7c]">I2C3_ER_IRQHandler</a> from startup_stm32f746xx.o(.text) referenced from startup_stm32f746xx.o(RESET)
 <LI><a href="#[7b]">I2C3_EV_IRQHandler</a> from startup_stm32f746xx.o(.text) referenced from startup_stm32f746xx.o(RESET)
 <LI><a href="#[92]">I2C4_ER_IRQHandler</a> from startup_stm32f746xx.o(.text) referenced from startup_stm32f746xx.o(RESET)
 <LI><a href="#[91]">I2C4_EV_IRQHandler</a> from startup_stm32f746xx.o(.text) referenced from startup_stm32f746xx.o(RESET)
 <LI><a href="#[8f]">LPTIM1_IRQHandler</a> from startup_stm32f746xx.o(.text) referenced from startup_stm32f746xx.o(RESET)
 <LI><a href="#[8b]">LTDC_ER_IRQHandler</a> from startup_stm32f746xx.o(.text) referenced from startup_stm32f746xx.o(RESET)
 <LI><a href="#[8a]">LTDC_IRQHandler</a> from stm32f7xx_it.o(i.LTDC_IRQHandler) referenced from startup_stm32f746xx.o(RESET)
 <LI><a href="#[2c]">MemManage_Handler</a> from stm32f7xx_it.o(i.MemManage_Handler) referenced from startup_stm32f746xx.o(RESET)
 <LI><a href="#[2a]">NMI_Handler</a> from stm32f7xx_it.o(i.NMI_Handler) referenced from startup_stm32f746xx.o(RESET)
 <LI><a href="#[76]">OTG_FS_IRQHandler</a> from stm32f7xx_it.o(i.OTG_FS_IRQHandler) referenced from startup_stm32f746xx.o(RESET)
 <LI><a href="#[5d]">OTG_FS_WKUP_IRQHandler</a> from startup_stm32f746xx.o(.text) referenced from startup_stm32f746xx.o(RESET)
 <LI><a href="#[7e]">OTG_HS_EP1_IN_IRQHandler</a> from startup_stm32f746xx.o(.text) referenced from startup_stm32f746xx.o(RESET)
 <LI><a href="#[7d]">OTG_HS_EP1_OUT_IRQHandler</a> from startup_stm32f746xx.o(.text) referenced from startup_stm32f746xx.o(RESET)
 <LI><a href="#[80]">OTG_HS_IRQHandler</a> from startup_stm32f746xx.o(.text) referenced from startup_stm32f746xx.o(RESET)
 <LI><a href="#[7f]">OTG_HS_WKUP_IRQHandler</a> from startup_stm32f746xx.o(.text) referenced from startup_stm32f746xx.o(RESET)
 <LI><a href="#[34]">PVD_IRQHandler</a> from stm32f7xx_it.o(i.PVD_IRQHandler) referenced from startup_stm32f746xx.o(RESET)
 <LI><a href="#[31]">PendSV_Handler</a> from port.o(.emb_text) referenced from startup_stm32f746xx.o(RESET)
 <LI><a href="#[8e]">QUADSPI_IRQHandler</a> from startup_stm32f746xx.o(.text) referenced from startup_stm32f746xx.o(RESET)
 <LI><a href="#[38]">RCC_IRQHandler</a> from startup_stm32f746xx.o(.text) referenced from startup_stm32f746xx.o(RESET)
 <LI><a href="#[82]">RNG_IRQHandler</a> from startup_stm32f746xx.o(.text) referenced from startup_stm32f746xx.o(RESET)
 <LI><a href="#[5c]">RTC_Alarm_IRQHandler</a> from startup_stm32f746xx.o(.text) referenced from startup_stm32f746xx.o(RESET)
 <LI><a href="#[36]">RTC_WKUP_IRQHandler</a> from startup_stm32f746xx.o(.text) referenced from startup_stm32f746xx.o(RESET)
 <LI><a href="#[29]">Reset_Handler</a> from startup_stm32f746xx.o(.text) referenced from startup_stm32f746xx.o(RESET)
 <LI><a href="#[89]">SAI1_IRQHandler</a> from startup_stm32f746xx.o(.text) referenced from startup_stm32f746xx.o(RESET)
 <LI><a href="#[8d]">SAI2_IRQHandler</a> from startup_stm32f746xx.o(.text) referenced from startup_stm32f746xx.o(RESET)
 <LI><a href="#[64]">SDMMC1_IRQHandler</a> from startup_stm32f746xx.o(.text) referenced from startup_stm32f746xx.o(RESET)
 <LI><a href="#[97]">SD_DMAError</a> from stm32f7xx_hal_sd.o(i.SD_DMAError) referenced from stm32f7xx_hal_sd.o(i.HAL_SD_ReadBlocks_DMA)
 <LI><a href="#[97]">SD_DMAError</a> from stm32f7xx_hal_sd.o(i.SD_DMAError) referenced from stm32f7xx_hal_sd.o(i.HAL_SD_WriteBlocks_DMA)
 <LI><a href="#[96]">SD_DMAReceiveCplt</a> from stm32f7xx_hal_sd.o(i.SD_DMAReceiveCplt) referenced from stm32f7xx_hal_sd.o(i.HAL_SD_ReadBlocks_DMA)
 <LI><a href="#[98]">SD_DMATransmitCplt</a> from stm32f7xx_hal_sd.o(i.SD_DMATransmitCplt) referenced from stm32f7xx_hal_sd.o(i.HAL_SD_WriteBlocks_DMA)
 <LI><a href="#[c8]">SD_initialize</a> from sd_diskio.o(i.SD_initialize) referenced from sd_diskio.o(.constdata)
 <LI><a href="#[cc]">SD_ioctl</a> from sd_diskio.o(i.SD_ioctl) referenced from sd_diskio.o(.constdata)
 <LI><a href="#[ca]">SD_read</a> from sd_diskio.o(i.SD_read) referenced from sd_diskio.o(.constdata)
 <LI><a href="#[c9]">SD_status</a> from sd_diskio.o(i.SD_status) referenced from sd_diskio.o(.constdata)
 <LI><a href="#[cb]">SD_write</a> from sd_diskio.o(i.SD_write) referenced from sd_diskio.o(.constdata)
 <LI><a href="#[93]">SPDIF_RX_IRQHandler</a> from startup_stm32f746xx.o(.text) referenced from startup_stm32f746xx.o(RESET)
 <LI><a href="#[56]">SPI1_IRQHandler</a> from startup_stm32f746xx.o(.text) referenced from startup_stm32f746xx.o(RESET)
 <LI><a href="#[57]">SPI2_IRQHandler</a> from startup_stm32f746xx.o(.text) referenced from startup_stm32f746xx.o(RESET)
 <LI><a href="#[66]">SPI3_IRQHandler</a> from startup_stm32f746xx.o(.text) referenced from startup_stm32f746xx.o(RESET)
 <LI><a href="#[86]">SPI4_IRQHandler</a> from startup_stm32f746xx.o(.text) referenced from startup_stm32f746xx.o(RESET)
 <LI><a href="#[87]">SPI5_IRQHandler</a> from startup_stm32f746xx.o(.text) referenced from startup_stm32f746xx.o(RESET)
 <LI><a href="#[88]">SPI6_IRQHandler</a> from startup_stm32f746xx.o(.text) referenced from startup_stm32f746xx.o(RESET)
 <LI><a href="#[2f]">SVC_Handler</a> from port.o(.emb_text) referenced from startup_stm32f746xx.o(RESET)
 <LI><a href="#[c6]">StartBSPTask</a> from freertos.o(i.StartBSPTask) referenced from freertos.o(.constdata)
 <LI><a href="#[c4]">StartDefaultTask</a> from freertos.o(i.StartDefaultTask) referenced from freertos.o(.constdata)
 <LI><a href="#[c7]">StartLogicTask</a> from freertos.o(i.StartLogicTask) referenced from freertos.o(.constdata)
 <LI><a href="#[c5]">StartTouchGFX</a> from freertos.o(i.StartTouchGFX) referenced from freertos.o(.constdata)
 <LI><a href="#[32]">SysTick_Handler</a> from port.o(i.SysTick_Handler) referenced from startup_stm32f746xx.o(RESET)
 <LI><a href="#[94]">SystemInit</a> from system_stm32f7xx.o(i.SystemInit) referenced from startup_stm32f746xx.o(.text)
 <LI><a href="#[35]">TAMP_STAMP_IRQHandler</a> from startup_stm32f746xx.o(.text) referenced from startup_stm32f746xx.o(RESET)
 <LI><a href="#[4b]">TIM1_BRK_TIM9_IRQHandler</a> from startup_stm32f746xx.o(.text) referenced from startup_stm32f746xx.o(RESET)
 <LI><a href="#[4e]">TIM1_CC_IRQHandler</a> from startup_stm32f746xx.o(.text) referenced from startup_stm32f746xx.o(RESET)
 <LI><a href="#[4d]">TIM1_TRG_COM_TIM11_IRQHandler</a> from startup_stm32f746xx.o(.text) referenced from startup_stm32f746xx.o(RESET)
 <LI><a href="#[4c]">TIM1_UP_TIM10_IRQHandler</a> from startup_stm32f746xx.o(.text) referenced from startup_stm32f746xx.o(RESET)
 <LI><a href="#[4f]">TIM2_IRQHandler</a> from startup_stm32f746xx.o(.text) referenced from startup_stm32f746xx.o(RESET)
 <LI><a href="#[50]">TIM3_IRQHandler</a> from stm32f7xx_it.o(i.TIM3_IRQHandler) referenced from startup_stm32f746xx.o(RESET)
 <LI><a href="#[51]">TIM4_IRQHandler</a> from startup_stm32f746xx.o(.text) referenced from startup_stm32f746xx.o(RESET)
 <LI><a href="#[65]">TIM5_IRQHandler</a> from startup_stm32f746xx.o(.text) referenced from startup_stm32f746xx.o(RESET)
 <LI><a href="#[69]">TIM6_DAC_IRQHandler</a> from stm32f7xx_it.o(i.TIM6_DAC_IRQHandler) referenced from startup_stm32f746xx.o(RESET)
 <LI><a href="#[6a]">TIM7_IRQHandler</a> from startup_stm32f746xx.o(.text) referenced from startup_stm32f746xx.o(RESET)
 <LI><a href="#[5e]">TIM8_BRK_TIM12_IRQHandler</a> from startup_stm32f746xx.o(.text) referenced from startup_stm32f746xx.o(RESET)
 <LI><a href="#[61]">TIM8_CC_IRQHandler</a> from startup_stm32f746xx.o(.text) referenced from startup_stm32f746xx.o(RESET)
 <LI><a href="#[60]">TIM8_TRG_COM_TIM14_IRQHandler</a> from startup_stm32f746xx.o(.text) referenced from startup_stm32f746xx.o(RESET)
 <LI><a href="#[5f]">TIM8_UP_TIM13_IRQHandler</a> from startup_stm32f746xx.o(.text) referenced from startup_stm32f746xx.o(RESET)
 <LI><a href="#[67]">UART4_IRQHandler</a> from startup_stm32f746xx.o(.text) referenced from startup_stm32f746xx.o(RESET)
 <LI><a href="#[68]">UART5_IRQHandler</a> from startup_stm32f746xx.o(.text) referenced from startup_stm32f746xx.o(RESET)
 <LI><a href="#[84]">UART7_IRQHandler</a> from stm32f7xx_it.o(i.UART7_IRQHandler) referenced from startup_stm32f746xx.o(RESET)
 <LI><a href="#[85]">UART8_IRQHandler</a> from startup_stm32f746xx.o(.text) referenced from startup_stm32f746xx.o(RESET)
 <LI><a href="#[99]">UART_DMAAbortOnError</a> from stm32f7xx_hal_uart.o(i.UART_DMAAbortOnError) referenced from stm32f7xx_hal_uart.o(i.HAL_UART_IRQHandler)
 <LI><a href="#[58]">USART1_IRQHandler</a> from stm32f7xx_it.o(i.USART1_IRQHandler) referenced from startup_stm32f746xx.o(RESET)
 <LI><a href="#[59]">USART2_IRQHandler</a> from stm32f7xx_it.o(i.USART2_IRQHandler) referenced from startup_stm32f746xx.o(RESET)
 <LI><a href="#[5a]">USART3_IRQHandler</a> from startup_stm32f746xx.o(.text) referenced from startup_stm32f746xx.o(RESET)
 <LI><a href="#[7a]">USART6_IRQHandler</a> from stm32f7xx_it.o(i.USART6_IRQHandler) referenced from startup_stm32f746xx.o(RESET)
 <LI><a href="#[21]">USBD_CDC_DataIn</a> from usbd_cdc.o(i.USBD_CDC_DataIn) referenced 2 times from usbd_cdc.o(.data)
 <LI><a href="#[22]">USBD_CDC_DataOut</a> from usbd_cdc.o(i.USBD_CDC_DataOut) referenced 2 times from usbd_cdc.o(.data)
 <LI><a href="#[1e]">USBD_CDC_DeInit</a> from usbd_cdc.o(i.USBD_CDC_DeInit) referenced 2 times from usbd_cdc.o(.data)
 <LI><a href="#[20]">USBD_CDC_EP0_RxReady</a> from usbd_cdc.o(i.USBD_CDC_EP0_RxReady) referenced 2 times from usbd_cdc.o(.data)
 <LI><a href="#[26]">USBD_CDC_GetDeviceQualifierDescriptor</a> from usbd_cdc.o(i.USBD_CDC_GetDeviceQualifierDescriptor) referenced 2 times from usbd_cdc.o(.data)
 <LI><a href="#[24]">USBD_CDC_GetFSCfgDesc</a> from usbd_cdc.o(i.USBD_CDC_GetFSCfgDesc) referenced 2 times from usbd_cdc.o(.data)
 <LI><a href="#[23]">USBD_CDC_GetHSCfgDesc</a> from usbd_cdc.o(i.USBD_CDC_GetHSCfgDesc) referenced 2 times from usbd_cdc.o(.data)
 <LI><a href="#[25]">USBD_CDC_GetOtherSpeedCfgDesc</a> from usbd_cdc.o(i.USBD_CDC_GetOtherSpeedCfgDesc) referenced 2 times from usbd_cdc.o(.data)
 <LI><a href="#[1d]">USBD_CDC_Init</a> from usbd_cdc.o(i.USBD_CDC_Init) referenced 2 times from usbd_cdc.o(.data)
 <LI><a href="#[1f]">USBD_CDC_Setup</a> from usbd_cdc.o(i.USBD_CDC_Setup) referenced 2 times from usbd_cdc.o(.data)
 <LI><a href="#[15]">USBD_FS_ConfigStrDescriptor</a> from usbd_desc.o(i.USBD_FS_ConfigStrDescriptor) referenced 2 times from usbd_desc.o(.data)
 <LI><a href="#[10]">USBD_FS_DeviceDescriptor</a> from usbd_desc.o(i.USBD_FS_DeviceDescriptor) referenced 2 times from usbd_desc.o(.data)
 <LI><a href="#[16]">USBD_FS_InterfaceStrDescriptor</a> from usbd_desc.o(i.USBD_FS_InterfaceStrDescriptor) referenced 2 times from usbd_desc.o(.data)
 <LI><a href="#[11]">USBD_FS_LangIDStrDescriptor</a> from usbd_desc.o(i.USBD_FS_LangIDStrDescriptor) referenced 2 times from usbd_desc.o(.data)
 <LI><a href="#[12]">USBD_FS_ManufacturerStrDescriptor</a> from usbd_desc.o(i.USBD_FS_ManufacturerStrDescriptor) referenced 2 times from usbd_desc.o(.data)
 <LI><a href="#[13]">USBD_FS_ProductStrDescriptor</a> from usbd_desc.o(i.USBD_FS_ProductStrDescriptor) referenced 2 times from usbd_desc.o(.data)
 <LI><a href="#[14]">USBD_FS_SerialStrDescriptor</a> from usbd_desc.o(i.USBD_FS_SerialStrDescriptor) referenced 2 times from usbd_desc.o(.data)
 <LI><a href="#[17]">USBD_FS_USR_BOSDescriptor</a> from usbd_desc.o(i.USBD_FS_USR_BOSDescriptor) referenced 2 times from usbd_desc.o(.data)
 <LI><a href="#[2e]">UsageFault_Handler</a> from stm32f7xx_it.o(i.UsageFault_Handler) referenced from startup_stm32f746xx.o(RESET)
 <LI><a href="#[33]">WWDG_IRQHandler</a> from startup_stm32f746xx.o(.text) referenced from startup_stm32f746xx.o(RESET)
 <LI><a href="#[9b]">DMA2D_XferCpltCallback(__DMA2D_HandleTypeDef*)</a> from stm32dma.o(i._Z22DMA2D_XferCpltCallbackP21__DMA2D_HandleTypeDef) referenced from stm32dma.o(i._ZN10STM32F7DMA10initializeEv)
 <LI><a href="#[9c]">DMA2D_XferErrorCallback(__DMA2D_HandleTypeDef*)</a> from stm32dma.o(i._Z23DMA2D_XferErrorCallbackP21__DMA2D_HandleTypeDef) referenced from stm32dma.o(i._ZN10STM32F7DMA10initializeEv)
 <LI><a href="#[d1]">STM32F7DMA::initialize()</a> from stm32dma.o(i._ZN10STM32F7DMA10initializeEv) referenced from stm32dma.o(.constdata__ZTV10STM32F7DMA)
 <LI><a href="#[ce]">STM32F7DMA::getBlitCaps()</a> from stm32dma.o(i._ZN10STM32F7DMA11getBlitCapsEv) referenced from stm32dma.o(.constdata__ZTV10STM32F7DMA)
 <LI><a href="#[d8]">STM32F7DMA::setupDataCopy(const touchgfx::BlitOp&)</a> from stm32dma.o(i._ZN10STM32F7DMA13setupDataCopyERKN8touchgfx6BlitOpE) referenced from stm32dma.o(.constdata__ZTV10STM32F7DMA)
 <LI><a href="#[d9]">STM32F7DMA::setupDataFill(const touchgfx::BlitOp&)</a> from stm32dma.o(i._ZN10STM32F7DMA13setupDataFillERKN8touchgfx6BlitOpE) referenced from stm32dma.o(.constdata__ZTV10STM32F7DMA)
 <LI><a href="#[d3]">STM32F7DMA::signalDMAInterrupt()</a> from stm32dma.o(i._ZN10STM32F7DMA18signalDMAInterruptEv) referenced from stm32dma.o(.constdata__ZTV10STM32F7DMA)
 <LI><a href="#[bc]">STM32F7DMA::~STM32F7DMA()</a> from stm32dma.o(i._ZN10STM32F7DMAD1Ev) referenced from stm32dma.o(.constdata__ZTV10STM32F7DMA)
 <LI><a href="#[bc]">STM32F7DMA::~STM32F7DMA()</a> from stm32dma.o(i._ZN10STM32F7DMAD1Ev) referenced from touchgfxconfiguration.o(i.__sti___25_TouchGFXConfiguration_cpp_f5abfd34)
 <LI><a href="#[df]">Screen1View::setupScreen()</a> from screen1view.o(i._ZN11Screen1View11setupScreenEv) referenced from screen1view.o(.constdata__ZTV11Screen1View)
 <LI><a href="#[e1]">Screen1View::tearDownScreen()</a> from screen1view.o(i._ZN11Screen1View14tearDownScreenEv) referenced from screen1view.o(.constdata__ZTV11Screen1View)
 <LI><a href="#[dd]">Screen1View::~Screen1View()</a> from screen1view.o(i._ZN11Screen1ViewD1Ev) referenced from screen1view.o(.constdata__ZTV11Screen1View)
 <LI><a href="#[f9]">TouchGFXHAL::enableInterrupts()</a> from touchgfxhal.o(i._ZN11TouchGFXHAL16enableInterruptsEv) referenced from touchgfxhal.o(.constdata__ZTV11TouchGFXHAL)
 <LI><a href="#[e9]">TouchGFXHAL::flushFrameBuffer(const touchgfx::Rect&)</a> from touchgfxhal.o(i._ZN11TouchGFXHAL16flushFrameBufferERKN8touchgfx4RectE) referenced from touchgfxhal.o(.constdata__ZTV11TouchGFXHAL)
 <LI><a href="#[fa]">TouchGFXHAL::disableInterrupts()</a> from touchgfxhal.o(i._ZN11TouchGFXHAL17disableInterruptsEv) referenced from touchgfxhal.o(.constdata__ZTV11TouchGFXHAL)
 <LI><a href="#[104]">TouchGFXHAL::setTFTFrameBuffer(unsigned short*)</a> from touchgfxhal.o(i._ZN11TouchGFXHAL17setTFTFrameBufferEPt) referenced from touchgfxhal.o(.constdata__ZTV11TouchGFXHAL)
 <LI><a href="#[f8]">TouchGFXHAL::configureInterrupts()</a> from touchgfxhal.o(i._ZN11TouchGFXHAL19configureInterruptsEv) referenced from touchgfxhal.o(.constdata__ZTV11TouchGFXHAL)
 <LI><a href="#[fb]">TouchGFXHAL::enableLCDControllerInterrupt()</a> from touchgfxhal.o(i._ZN11TouchGFXHAL28enableLCDControllerInterruptEv) referenced from touchgfxhal.o(.constdata__ZTV11TouchGFXHAL)
 <LI><a href="#[ef]">TouchGFXHAL::blockCopy(void*, const void*, unsigned)</a> from touchgfxhal.o(i._ZN11TouchGFXHAL9blockCopyEPvPKvj) referenced from touchgfxhal.o(.constdata__ZTV11TouchGFXHAL)
 <LI><a href="#[e8]">TouchGFXHAL::taskEntry()</a> from touchgfxhal.o(i._ZN11TouchGFXHAL9taskEntryEv) referenced from touchgfxhal.o(.constdata__ZTV11TouchGFXHAL)
 <LI><a href="#[bf]">TouchGFXHAL::~TouchGFXHAL()</a> from touchgfxhal.o(i._ZN11TouchGFXHALD1Ev) referenced from touchgfxhal.o(.constdata__ZTV11TouchGFXHAL)
 <LI><a href="#[bf]">TouchGFXHAL::~TouchGFXHAL()</a> from touchgfxhal.o(i._ZN11TouchGFXHALD1Ev) referenced from touchgfxconfiguration.o(i.__sti___25_TouchGFXConfiguration_cpp_f5abfd34)
 <LI><a href="#[c1]">FrontendHeap::~FrontendHeap()</a> from touchgfxconfiguration.o(i._ZN12FrontendHeapD1Ev) referenced from touchgfxconfiguration.o(.constdata__ZTV12FrontendHeap)
 <LI><a href="#[c1]">FrontendHeap::~FrontendHeap()</a> from touchgfxconfiguration.o(i._ZN12FrontendHeapD1Ev) referenced from touchgfxconfiguration.o(i.touchgfx_init)
 <LI><a href="#[10a]">Screen1ViewBase::setupScreen()</a> from screen1viewbase.o(i._ZN15Screen1ViewBase11setupScreenEv) referenced from screen1viewbase.o(.constdata__ZTV15Screen1ViewBase)
 <LI><a href="#[109]">Screen1ViewBase::~Screen1ViewBase()</a> from screen1viewbase.o(i._ZN15Screen1ViewBaseD1Ev) referenced from screen1viewbase.o(.constdata__ZTV15Screen1ViewBase)
 <LI><a href="#[108]">FrontendHeapBase::gotoStartScreen(FrontendApplication&)</a> from touchgfxconfiguration.o(i._ZN16FrontendHeapBase15gotoStartScreenER19FrontendApplication) referenced from touchgfxconfiguration.o(.constdata__ZTV12FrontendHeap)
 <LI><a href="#[108]">FrontendHeapBase::gotoStartScreen(FrontendApplication&)</a> from touchgfxconfiguration.o(i._ZN16FrontendHeapBase15gotoStartScreenER19FrontendApplication) referenced from touchgfxconfiguration.o(.constdata__ZTV16FrontendHeapBase)
 <LI><a href="#[10c]">FrontendHeapBase::~FrontendHeapBase()</a> from touchgfxconfiguration.o(i._ZN16FrontendHeapBaseD1Ev) referenced from touchgfxconfiguration.o(.constdata__ZTV16FrontendHeapBase)
 <LI><a href="#[10e]">Screen1Presenter::deactivate()</a> from screen1presenter.o(i._ZN16Screen1Presenter10deactivateEv) referenced from screen1presenter.o(.constdata__ZTV16Screen1Presenter)
 <LI><a href="#[10d]">Screen1Presenter::activate()</a> from screen1presenter.o(i._ZN16Screen1Presenter8activateEv) referenced from screen1presenter.o(.constdata__ZTV16Screen1Presenter)
 <LI><a href="#[10f]">Screen1Presenter::~Screen1Presenter()</a> from screen1presenter.o(i._ZN16Screen1PresenterD1Ev) referenced from screen1presenter.o(.constdata__ZTV16Screen1Presenter)
 <LI><a href="#[114]">FrontendApplication::handleTickEvent()</a> from frontendapplication.o(i._ZN19FrontendApplication15handleTickEventEv) referenced from frontendapplication.o(.constdata__ZTV19FrontendApplication)
 <LI><a href="#[11a]">STM32TouchController::sampleTouch(int&, int&)</a> from stm32touchcontroller.o(i._ZN20STM32TouchController11sampleTouchERiS0_) referenced from stm32touchcontroller.o(.constdata__ZTV20STM32TouchController)
 <LI><a href="#[119]">STM32TouchController::init()</a> from stm32touchcontroller.o(i._ZN20STM32TouchController4initEv) referenced from stm32touchcontroller.o(.constdata__ZTV20STM32TouchController)
 <LI><a href="#[bb]">STM32TouchController::~STM32TouchController()</a> from stm32touchcontroller.o(i._ZN20STM32TouchControllerD1Ev) referenced from stm32touchcontroller.o(.constdata__ZTV20STM32TouchController)
 <LI><a href="#[bb]">STM32TouchController::~STM32TouchController()</a> from stm32touchcontroller.o(i._ZN20STM32TouchControllerD1Ev) referenced from touchgfxconfiguration.o(i.__sti___25_TouchGFXConfiguration_cpp_f5abfd34)
 <LI><a href="#[120]">TouchGFXGeneratedHAL::enableInterrupts()</a> from touchgfxgeneratedhal.o(i._ZN20TouchGFXGeneratedHAL16enableInterruptsEv) referenced from touchgfxgeneratedhal.o(.constdata__ZTV20TouchGFXGeneratedHAL)
 <LI><a href="#[11c]">TouchGFXGeneratedHAL::flushFrameBuffer(const touchgfx::Rect&)</a> from touchgfxgeneratedhal.o(i._ZN20TouchGFXGeneratedHAL16flushFrameBufferERKN8touchgfx4RectE) referenced from touchgfxgeneratedhal.o(.constdata__ZTV20TouchGFXGeneratedHAL)
 <LI><a href="#[121]">TouchGFXGeneratedHAL::disableInterrupts()</a> from touchgfxgeneratedhal.o(i._ZN20TouchGFXGeneratedHAL17disableInterruptsEv) referenced from touchgfxgeneratedhal.o(.constdata__ZTV20TouchGFXGeneratedHAL)
 <LI><a href="#[123]">TouchGFXGeneratedHAL::setTFTFrameBuffer(unsigned short*)</a> from touchgfxgeneratedhal.o(i._ZN20TouchGFXGeneratedHAL17setTFTFrameBufferEPt) referenced from touchgfxgeneratedhal.o(.constdata__ZTV20TouchGFXGeneratedHAL)
 <LI><a href="#[11f]">TouchGFXGeneratedHAL::configureInterrupts()</a> from touchgfxgeneratedhal.o(i._ZN20TouchGFXGeneratedHAL19configureInterruptsEv) referenced from touchgfxgeneratedhal.o(.constdata__ZTV20TouchGFXGeneratedHAL)
 <LI><a href="#[122]">TouchGFXGeneratedHAL::enableLCDControllerInterrupt()</a> from touchgfxgeneratedhal.o(i._ZN20TouchGFXGeneratedHAL28enableLCDControllerInterruptEv) referenced from touchgfxgeneratedhal.o(.constdata__ZTV20TouchGFXGeneratedHAL)
 <LI><a href="#[be]">ApplicationFontProvider::~ApplicationFontProvider()</a> from touchgfxconfiguration.o(i._ZN23ApplicationFontProviderD1Ev) referenced from applicationfontprovider.o(.constdata__ZTV23ApplicationFontProvider)
 <LI><a href="#[be]">ApplicationFontProvider::~ApplicationFontProvider()</a> from touchgfxconfiguration.o(i._ZN23ApplicationFontProviderD1Ev) referenced from touchgfxconfiguration.o(i.__sti___25_TouchGFXConfiguration_cpp_f5abfd34)
 <LI><a href="#[cd]">FrontendApplicationBase::gotoScreen1ScreenNoTransitionImpl()</a> from frontendapplicationbase.o(i._ZN23FrontendApplicationBase33gotoScreen1ScreenNoTransitionImplEv) referenced from frontendapplicationbase.o(.constdata)
 <LI><a href="#[125]">FrontendApplicationBase::~FrontendApplicationBase()</a> from touchgfxconfiguration.o(i._ZN23FrontendApplicationBaseD1Ev) referenced from touchgfxconfiguration.o(.constdata__ZTV23FrontendApplicationBase)
 <LI><a href="#[127]">touchgfx::Transition::handleTickEvent()</a> from frontendapplicationbase.o(i._ZN8touchgfx10Transition15handleTickEventEv) referenced from frontendapplicationbase.o(.constdata__ZTVN8touchgfx10TransitionE)
 <LI><a href="#[12a]">touchgfx::Transition::setScreenContainer(touchgfx::Container&)</a> from frontendapplicationbase.o(i._ZN8touchgfx10Transition18setScreenContainerERNS_9ContainerE) referenced from frontendapplicationbase.o(.constdata__ZTVN8touchgfx10TransitionE)
 <LI><a href="#[12a]">touchgfx::Transition::setScreenContainer(touchgfx::Container&)</a> from frontendapplicationbase.o(i._ZN8touchgfx10Transition18setScreenContainerERNS_9ContainerE) referenced from frontendapplicationbase.o(.constdata__ZTVN8touchgfx12NoTransitionE)
 <LI><a href="#[129]">touchgfx::Transition::init()</a> from frontendapplicationbase.o(i._ZN8touchgfx10Transition4initEv) referenced from frontendapplicationbase.o(.constdata__ZTVN8touchgfx10TransitionE)
 <LI><a href="#[129]">touchgfx::Transition::init()</a> from frontendapplicationbase.o(i._ZN8touchgfx10Transition4initEv) referenced from frontendapplicationbase.o(.constdata__ZTVN8touchgfx12NoTransitionE)
 <LI><a href="#[128]">touchgfx::Transition::tearDown()</a> from frontendapplicationbase.o(i._ZN8touchgfx10Transition8tearDownEv) referenced from frontendapplicationbase.o(.constdata__ZTVN8touchgfx10TransitionE)
 <LI><a href="#[128]">touchgfx::Transition::tearDown()</a> from frontendapplicationbase.o(i._ZN8touchgfx10Transition8tearDownEv) referenced from frontendapplicationbase.o(.constdata__ZTVN8touchgfx12NoTransitionE)
 <LI><a href="#[126]">touchgfx::Transition::~Transition()</a> from frontendapplicationbase.o(i._ZN8touchgfx10TransitionD1Ev) referenced from frontendapplicationbase.o(.constdata__ZTVN8touchgfx10TransitionE)
 <LI><a href="#[113]">touchgfx::Application::handleKeyEvent(unsigned char)</a> from application.o(i._ZN8touchgfx11Application14handleKeyEventEh) referenced from frontendapplication.o(.constdata__ZTV19FrontendApplication)
 <LI><a href="#[113]">touchgfx::Application::handleKeyEvent(unsigned char)</a> from application.o(i._ZN8touchgfx11Application14handleKeyEventEh) referenced from touchgfxconfiguration.o(.constdata__ZTV23FrontendApplicationBase)
 <LI><a href="#[113]">touchgfx::Application::handleKeyEvent(unsigned char)</a> from application.o(i._ZN8touchgfx11Application14handleKeyEventEh) referenced from application.o(.constdata__ZTVN8touchgfx11ApplicationE)
 <LI><a href="#[113]">touchgfx::Application::handleKeyEvent(unsigned char)</a> from application.o(i._ZN8touchgfx11Application14handleKeyEventEh) referenced from frontendapplicationbase.o(.constdata__ZTVN8touchgfx14MVPApplicationE)
 <LI><a href="#[111]">touchgfx::Application::handleDragEvent(const touchgfx::DragEvent&)</a> from application.o(i._ZN8touchgfx11Application15handleDragEventERKNS_9DragEventE) referenced from frontendapplication.o(.constdata__ZTV19FrontendApplication)
 <LI><a href="#[111]">touchgfx::Application::handleDragEvent(const touchgfx::DragEvent&)</a> from application.o(i._ZN8touchgfx11Application15handleDragEventERKNS_9DragEventE) referenced from touchgfxconfiguration.o(.constdata__ZTV23FrontendApplicationBase)
 <LI><a href="#[111]">touchgfx::Application::handleDragEvent(const touchgfx::DragEvent&)</a> from application.o(i._ZN8touchgfx11Application15handleDragEventERKNS_9DragEventE) referenced from application.o(.constdata__ZTVN8touchgfx11ApplicationE)
 <LI><a href="#[111]">touchgfx::Application::handleDragEvent(const touchgfx::DragEvent&)</a> from application.o(i._ZN8touchgfx11Application15handleDragEventERKNS_9DragEventE) referenced from frontendapplicationbase.o(.constdata__ZTVN8touchgfx14MVPApplicationE)
 <LI><a href="#[124]">touchgfx::Application::handleTickEvent()</a> from application.o(i._ZN8touchgfx11Application15handleTickEventEv) referenced from touchgfxconfiguration.o(.constdata__ZTV23FrontendApplicationBase)
 <LI><a href="#[124]">touchgfx::Application::handleTickEvent()</a> from application.o(i._ZN8touchgfx11Application15handleTickEventEv) referenced from application.o(.constdata__ZTVN8touchgfx11ApplicationE)
 <LI><a href="#[124]">touchgfx::Application::handleTickEvent()</a> from application.o(i._ZN8touchgfx11Application15handleTickEventEv) referenced from frontendapplicationbase.o(.constdata__ZTVN8touchgfx14MVPApplicationE)
 <LI><a href="#[110]">touchgfx::Application::handleClickEvent(const touchgfx::ClickEvent&)</a> from application.o(i._ZN8touchgfx11Application16handleClickEventERKNS_10ClickEventE) referenced from frontendapplication.o(.constdata__ZTV19FrontendApplication)
 <LI><a href="#[110]">touchgfx::Application::handleClickEvent(const touchgfx::ClickEvent&)</a> from application.o(i._ZN8touchgfx11Application16handleClickEventERKNS_10ClickEventE) referenced from touchgfxconfiguration.o(.constdata__ZTV23FrontendApplicationBase)
 <LI><a href="#[110]">touchgfx::Application::handleClickEvent(const touchgfx::ClickEvent&)</a> from application.o(i._ZN8touchgfx11Application16handleClickEventERKNS_10ClickEventE) referenced from application.o(.constdata__ZTVN8touchgfx11ApplicationE)
 <LI><a href="#[110]">touchgfx::Application::handleClickEvent(const touchgfx::ClickEvent&)</a> from application.o(i._ZN8touchgfx11Application16handleClickEventERKNS_10ClickEventE) referenced from frontendapplicationbase.o(.constdata__ZTVN8touchgfx14MVPApplicationE)
 <LI><a href="#[112]">touchgfx::Application::handleGestureEvent(const touchgfx::GestureEvent&)</a> from application.o(i._ZN8touchgfx11Application18handleGestureEventERKNS_12GestureEventE) referenced from frontendapplication.o(.constdata__ZTV19FrontendApplication)
 <LI><a href="#[112]">touchgfx::Application::handleGestureEvent(const touchgfx::GestureEvent&)</a> from application.o(i._ZN8touchgfx11Application18handleGestureEventERKNS_12GestureEventE) referenced from touchgfxconfiguration.o(.constdata__ZTV23FrontendApplicationBase)
 <LI><a href="#[112]">touchgfx::Application::handleGestureEvent(const touchgfx::GestureEvent&)</a> from application.o(i._ZN8touchgfx11Application18handleGestureEventERKNS_12GestureEventE) referenced from application.o(.constdata__ZTVN8touchgfx11ApplicationE)
 <LI><a href="#[112]">touchgfx::Application::handleGestureEvent(const touchgfx::GestureEvent&)</a> from application.o(i._ZN8touchgfx11Application18handleGestureEventERKNS_12GestureEventE) referenced from frontendapplicationbase.o(.constdata__ZTVN8touchgfx14MVPApplicationE)
 <LI><a href="#[118]">touchgfx::Application::cacheDrawOperations(bool)</a> from application.o(i._ZN8touchgfx11Application19cacheDrawOperationsEb) referenced from frontendapplication.o(.constdata__ZTV19FrontendApplication)
 <LI><a href="#[118]">touchgfx::Application::cacheDrawOperations(bool)</a> from application.o(i._ZN8touchgfx11Application19cacheDrawOperationsEb) referenced from touchgfxconfiguration.o(.constdata__ZTV23FrontendApplicationBase)
 <LI><a href="#[118]">touchgfx::Application::cacheDrawOperations(bool)</a> from application.o(i._ZN8touchgfx11Application19cacheDrawOperationsEb) referenced from application.o(.constdata__ZTVN8touchgfx11ApplicationE)
 <LI><a href="#[118]">touchgfx::Application::cacheDrawOperations(bool)</a> from application.o(i._ZN8touchgfx11Application19cacheDrawOperationsEb) referenced from frontendapplicationbase.o(.constdata__ZTVN8touchgfx14MVPApplicationE)
 <LI><a href="#[12b]">touchgfx::Application::handlePendingScreenTransition()</a> from application.o(i._ZN8touchgfx11Application29handlePendingScreenTransitionEv) referenced from application.o(.constdata__ZTVN8touchgfx11ApplicationE)
 <LI><a href="#[117]">touchgfx::Application::draw(touchgfx::Rect&)</a> from application.o(i._ZN8touchgfx11Application4drawERNS_4RectE) referenced from frontendapplication.o(.constdata__ZTV19FrontendApplication)
 <LI><a href="#[117]">touchgfx::Application::draw(touchgfx::Rect&)</a> from application.o(i._ZN8touchgfx11Application4drawERNS_4RectE) referenced from touchgfxconfiguration.o(.constdata__ZTV23FrontendApplicationBase)
 <LI><a href="#[117]">touchgfx::Application::draw(touchgfx::Rect&)</a> from application.o(i._ZN8touchgfx11Application4drawERNS_4RectE) referenced from application.o(.constdata__ZTVN8touchgfx11ApplicationE)
 <LI><a href="#[117]">touchgfx::Application::draw(touchgfx::Rect&)</a> from application.o(i._ZN8touchgfx11Application4drawERNS_4RectE) referenced from frontendapplicationbase.o(.constdata__ZTVN8touchgfx14MVPApplicationE)
 <LI><a href="#[116]">touchgfx::Application::draw()</a> from application.o(i._ZN8touchgfx11Application4drawEv) referenced from frontendapplication.o(.constdata__ZTV19FrontendApplication)
 <LI><a href="#[116]">touchgfx::Application::draw()</a> from application.o(i._ZN8touchgfx11Application4drawEv) referenced from touchgfxconfiguration.o(.constdata__ZTV23FrontendApplicationBase)
 <LI><a href="#[116]">touchgfx::Application::draw()</a> from application.o(i._ZN8touchgfx11Application4drawEv) referenced from application.o(.constdata__ZTVN8touchgfx11ApplicationE)
 <LI><a href="#[116]">touchgfx::Application::draw()</a> from application.o(i._ZN8touchgfx11Application4drawEv) referenced from frontendapplicationbase.o(.constdata__ZTVN8touchgfx14MVPApplicationE)
 <LI><a href="#[13f]">touchgfx::CanvasWidget::setPainter(touchgfx::AbstractPainter&)</a> from canvaswidget.o(i._ZN8touchgfx12CanvasWidget10setPainterERNS_15AbstractPainterE) referenced from canvaswidget.o(.constdata__ZTVN8touchgfx12CanvasWidgetE)
 <LI><a href="#[13f]">touchgfx::CanvasWidget::setPainter(touchgfx::AbstractPainter&)</a> from canvaswidget.o(i._ZN8touchgfx12CanvasWidget10setPainterERNS_15AbstractPainterE) referenced from line.o(.constdata__ZTVN8touchgfx4LineE)
 <LI><a href="#[12c]">touchgfx::CanvasWidget::~CanvasWidget__sub_object()</a> from canvaswidget.o(i._ZN8touchgfx12CanvasWidgetD2Ev) referenced from canvaswidget.o(.constdata__ZTVN8touchgfx12CanvasWidgetE)
 <LI><a href="#[145]">touchgfx::NoTransition::handleTickEvent()</a> from frontendapplicationbase.o(i._ZN8touchgfx12NoTransition15handleTickEventEv) referenced from frontendapplicationbase.o(.constdata__ZTVN8touchgfx12NoTransitionE)
 <LI><a href="#[144]">touchgfx::NoTransition::~NoTransition()</a> from frontendapplicationbase.o(i._ZN8touchgfx12NoTransitionD1Ev) referenced from frontendapplicationbase.o(.constdata__ZTVN8touchgfx12NoTransitionE)
 <LI><a href="#[cf]">touchgfx::DMA_Interface::addToQueue(const touchgfx::BlitOp&)</a> from dma.o(i._ZN8touchgfx13DMA_Interface10addToQueueERKNS_6BlitOpE) referenced from stm32dma.o(.constdata__ZTV10STM32F7DMA)
 <LI><a href="#[cf]">touchgfx::DMA_Interface::addToQueue(const touchgfx::BlitOp&)</a> from dma.o(i._ZN8touchgfx13DMA_Interface10addToQueueERKNS_6BlitOpE) referenced from dma.o(.constdata__ZTVN8touchgfx13DMA_InterfaceE)
 <LI><a href="#[d4]">touchgfx::DMA_Interface::getDMAType()</a> from dma.o(i._ZN8touchgfx13DMA_Interface10getDMATypeEv) referenced from stm32dma.o(.constdata__ZTV10STM32F7DMA)
 <LI><a href="#[d4]">touchgfx::DMA_Interface::getDMAType()</a> from dma.o(i._ZN8touchgfx13DMA_Interface10getDMATypeEv) referenced from dma.o(.constdata__ZTVN8touchgfx13DMA_InterfaceE)
 <LI><a href="#[146]">touchgfx::DMA_Interface::initialize()</a> from dma.o(i._ZN8touchgfx13DMA_Interface10initializeEv) referenced from dma.o(.constdata__ZTVN8touchgfx13DMA_InterfaceE)
 <LI><a href="#[da]">touchgfx::DMA_Interface::enableAlpha(unsigned char)</a> from dma.o(i._ZN8touchgfx13DMA_Interface11enableAlphaEh) referenced from stm32dma.o(.constdata__ZTV10STM32F7DMA)
 <LI><a href="#[da]">touchgfx::DMA_Interface::enableAlpha(unsigned char)</a> from dma.o(i._ZN8touchgfx13DMA_Interface11enableAlphaEh) referenced from dma.o(.constdata__ZTVN8touchgfx13DMA_InterfaceE)
 <LI><a href="#[db]">touchgfx::DMA_Interface::disableAlpha()</a> from dma.o(i._ZN8touchgfx13DMA_Interface12disableAlphaEv) referenced from stm32dma.o(.constdata__ZTV10STM32F7DMA)
 <LI><a href="#[db]">touchgfx::DMA_Interface::disableAlpha()</a> from dma.o(i._ZN8touchgfx13DMA_Interface12disableAlphaEv) referenced from dma.o(.constdata__ZTVN8touchgfx13DMA_InterfaceE)
 <LI><a href="#[d7]">touchgfx::DMA_Interface::seedExecution()</a> from dma.o(i._ZN8touchgfx13DMA_Interface13seedExecutionEv) referenced from stm32dma.o(.constdata__ZTV10STM32F7DMA)
 <LI><a href="#[d7]">touchgfx::DMA_Interface::seedExecution()</a> from dma.o(i._ZN8touchgfx13DMA_Interface13seedExecutionEv) referenced from dma.o(.constdata__ZTVN8touchgfx13DMA_InterfaceE)
 <LI><a href="#[d6]">touchgfx::DMA_Interface::executeCompleted()</a> from dma.o(i._ZN8touchgfx13DMA_Interface16executeCompletedEv) referenced from stm32dma.o(.constdata__ZTV10STM32F7DMA)
 <LI><a href="#[d6]">touchgfx::DMA_Interface::executeCompleted()</a> from dma.o(i._ZN8touchgfx13DMA_Interface16executeCompletedEv) referenced from dma.o(.constdata__ZTVN8touchgfx13DMA_InterfaceE)
 <LI><a href="#[dc]">touchgfx::DMA_Interface::waitForFrameBufferSemaphore()</a> from dma.o(i._ZN8touchgfx13DMA_Interface27waitForFrameBufferSemaphoreEv) referenced from stm32dma.o(.constdata__ZTV10STM32F7DMA)
 <LI><a href="#[dc]">touchgfx::DMA_Interface::waitForFrameBufferSemaphore()</a> from dma.o(i._ZN8touchgfx13DMA_Interface27waitForFrameBufferSemaphoreEv) referenced from dma.o(.constdata__ZTVN8touchgfx13DMA_InterfaceE)
 <LI><a href="#[d0]">touchgfx::DMA_Interface::flush()</a> from dma.o(i._ZN8touchgfx13DMA_Interface5flushEv) referenced from stm32dma.o(.constdata__ZTV10STM32F7DMA)
 <LI><a href="#[d0]">touchgfx::DMA_Interface::flush()</a> from dma.o(i._ZN8touchgfx13DMA_Interface5flushEv) referenced from dma.o(.constdata__ZTVN8touchgfx13DMA_InterfaceE)
 <LI><a href="#[d2]">touchgfx::DMA_Interface::start()</a> from dma.o(i._ZN8touchgfx13DMA_Interface5startEv) referenced from stm32dma.o(.constdata__ZTV10STM32F7DMA)
 <LI><a href="#[d2]">touchgfx::DMA_Interface::start()</a> from dma.o(i._ZN8touchgfx13DMA_Interface5startEv) referenced from dma.o(.constdata__ZTVN8touchgfx13DMA_InterfaceE)
 <LI><a href="#[d5]">touchgfx::DMA_Interface::execute()</a> from dma.o(i._ZN8touchgfx13DMA_Interface7executeEv) referenced from stm32dma.o(.constdata__ZTV10STM32F7DMA)
 <LI><a href="#[d5]">touchgfx::DMA_Interface::execute()</a> from dma.o(i._ZN8touchgfx13DMA_Interface7executeEv) referenced from dma.o(.constdata__ZTVN8touchgfx13DMA_InterfaceE)
 <LI><a href="#[9a]">touchgfx::GeneratedFont::~GeneratedFont()</a> from generatedfont.o(i._ZN8touchgfx13GeneratedFontD1Ev) referenced from generatedfont.o(.constdata__ZTVN8touchgfx13GeneratedFontE)
 <LI><a href="#[9a]">touchgfx::GeneratedFont::~GeneratedFont()</a> from generatedfont.o(i._ZN8touchgfx13GeneratedFontD1Ev) referenced from table_verdana_10_4bpp.o(i._Z23getFont_verdana_10_4bppv)
 <LI><a href="#[9a]">touchgfx::GeneratedFont::~GeneratedFont()</a> from generatedfont.o(i._ZN8touchgfx13GeneratedFontD1Ev) referenced from table_verdana_20_4bpp.o(i._Z23getFont_verdana_20_4bppv)
 <LI><a href="#[9a]">touchgfx::GeneratedFont::~GeneratedFont()</a> from generatedfont.o(i._ZN8touchgfx13GeneratedFontD1Ev) referenced from table_verdana_40_4bpp.o(i._Z23getFont_verdana_40_4bppv)
 <LI><a href="#[156]">touchgfx::PainterRGB565::renderNext(unsigned char&, unsigned char&, unsigned char&, unsigned char&)</a> from painterrgb565.o(i._ZN8touchgfx13PainterRGB56510renderNextERhS1_S1_S1_) referenced from painterrgb565.o(.constdata__ZTVN8touchgfx13PainterRGB565E)
 <LI><a href="#[154]">touchgfx::PainterRGB565::render(unsigned char*, int, int, int, unsigned, const unsigned char*)</a> from painterrgb565.o(i._ZN8touchgfx13PainterRGB5656renderEPhiiijPKh) referenced from painterrgb565.o(.constdata__ZTVN8touchgfx13PainterRGB565E)
 <LI><a href="#[153]">touchgfx::PainterRGB565::~PainterRGB565()</a> from painterrgb565.o(i._ZN8touchgfx13PainterRGB565D1Ev) referenced from painterrgb565.o(.constdata__ZTVN8touchgfx13PainterRGB565E)
 <LI><a href="#[159]">touchgfx::AbstractButton::handleClickEvent(const touchgfx::ClickEvent&)</a> from abstractbutton.o(i._ZN8touchgfx14AbstractButton16handleClickEventERKNS_10ClickEventE) referenced from abstractbutton.o(.constdata__ZTVN8touchgfx14AbstractButtonE)
 <LI><a href="#[159]">touchgfx::AbstractButton::handleClickEvent(const touchgfx::ClickEvent&)</a> from abstractbutton.o(i._ZN8touchgfx14AbstractButton16handleClickEventERKNS_10ClickEventE) referenced from button.o(.constdata__ZTVN8touchgfx6ButtonE)
 <LI><a href="#[115]">touchgfx::MVPApplication::handlePendingScreenTransition()</a> from touchgfxconfiguration.o(i._ZN8touchgfx14MVPApplication29handlePendingScreenTransitionEv) referenced from frontendapplication.o(.constdata__ZTV19FrontendApplication)
 <LI><a href="#[115]">touchgfx::MVPApplication::handlePendingScreenTransition()</a> from touchgfxconfiguration.o(i._ZN8touchgfx14MVPApplication29handlePendingScreenTransitionEv) referenced from touchgfxconfiguration.o(.constdata__ZTV23FrontendApplicationBase)
 <LI><a href="#[115]">touchgfx::MVPApplication::handlePendingScreenTransition()</a> from touchgfxconfiguration.o(i._ZN8touchgfx14MVPApplication29handlePendingScreenTransitionEv) referenced from frontendapplicationbase.o(.constdata__ZTVN8touchgfx14MVPApplicationE)
 <LI><a href="#[15a]">touchgfx::AbstractPainter::~AbstractPainter__sub_object()</a> from abstractpainter.o(i._ZN8touchgfx15AbstractPainterD2Ev) referenced from abstractpainter.o(.constdata__ZTVN8touchgfx15AbstractPainterE)
 <LI><a href="#[15b]">touchgfx::AbstractPartition::~AbstractPartition__sub_object()</a> from abstractpartition.o(i._ZN8touchgfx17AbstractPartitionD2Ev) referenced from abstractpartition.o(.constdata__ZTVN8touchgfx17AbstractPartitionE)
 <LI><a href="#[15e]">touchgfx::LockFreeDMA_Queue::pushCopyOf(const touchgfx::BlitOp&)</a> from dma.o(i._ZN8touchgfx17LockFreeDMA_Queue10pushCopyOfERKNS_6BlitOpE) referenced from dma.o(.constdata__ZTVN8touchgfx17LockFreeDMA_QueueE)
 <LI><a href="#[15f]">touchgfx::LockFreeDMA_Queue::pop()</a> from dma.o(i._ZN8touchgfx17LockFreeDMA_Queue3popEv) referenced from dma.o(.constdata__ZTVN8touchgfx17LockFreeDMA_QueueE)
 <LI><a href="#[160]">touchgfx::LockFreeDMA_Queue::first()</a> from dma.o(i._ZN8touchgfx17LockFreeDMA_Queue5firstEv) referenced from dma.o(.constdata__ZTVN8touchgfx17LockFreeDMA_QueueE)
 <LI><a href="#[15d]">touchgfx::LockFreeDMA_Queue::isFull()</a> from dma.o(i._ZN8touchgfx17LockFreeDMA_Queue6isFullEv) referenced from dma.o(.constdata__ZTVN8touchgfx17LockFreeDMA_QueueE)
 <LI><a href="#[15c]">touchgfx::LockFreeDMA_Queue::isEmpty()</a> from dma.o(i._ZN8touchgfx17LockFreeDMA_Queue7isEmptyEv) referenced from dma.o(.constdata__ZTVN8touchgfx17LockFreeDMA_QueueE)
 <LI><a href="#[155]">touchgfx::AbstractPainterRGB565::renderInit()</a> from painterrgb565.o(i._ZN8touchgfx21AbstractPainterRGB56510renderInitEv) referenced from painterrgb565.o(.constdata__ZTVN8touchgfx13PainterRGB565E)
 <LI><a href="#[155]">touchgfx::AbstractPainterRGB565::renderInit()</a> from painterrgb565.o(i._ZN8touchgfx21AbstractPainterRGB56510renderInitEv) referenced from abstractpainterrgb565.o(.constdata__ZTVN8touchgfx21AbstractPainterRGB565E)
 <LI><a href="#[157]">touchgfx::AbstractPainterRGB565::renderPixel(unsigned short*, unsigned char, unsigned char, unsigned char)</a> from abstractpainterrgb565.o(i._ZN8touchgfx21AbstractPainterRGB56511renderPixelEPthhh) referenced from painterrgb565.o(.constdata__ZTVN8touchgfx13PainterRGB565E)
 <LI><a href="#[157]">touchgfx::AbstractPainterRGB565::renderPixel(unsigned short*, unsigned char, unsigned char, unsigned char)</a> from abstractpainterrgb565.o(i._ZN8touchgfx21AbstractPainterRGB56511renderPixelEPthhh) referenced from abstractpainterrgb565.o(.constdata__ZTVN8touchgfx21AbstractPainterRGB565E)
 <LI><a href="#[161]">touchgfx::AbstractPainterRGB565::render(unsigned char*, int, int, int, unsigned, const unsigned char*)</a> from abstractpainterrgb565.o(i._ZN8touchgfx21AbstractPainterRGB5656renderEPhiiijPKh) referenced from abstractpainterrgb565.o(.constdata__ZTVN8touchgfx21AbstractPainterRGB565E)
 <LI><a href="#[102]">touchgfx::HAL::beginFrame()</a> from hal.o(i._ZN8touchgfx3HAL10beginFrameEv) referenced from touchgfxhal.o(.constdata__ZTV11TouchGFXHAL)
 <LI><a href="#[102]">touchgfx::HAL::beginFrame()</a> from hal.o(i._ZN8touchgfx3HAL10beginFrameEv) referenced from touchgfxgeneratedhal.o(.constdata__ZTV20TouchGFXGeneratedHAL)
 <LI><a href="#[102]">touchgfx::HAL::beginFrame()</a> from hal.o(i._ZN8touchgfx3HAL10beginFrameEv) referenced from hal.o(.constdata__ZTVN8touchgfx3HALE)
 <LI><a href="#[100]">touchgfx::HAL::getDMAType()</a> from hal.o(i._ZN8touchgfx3HAL10getDMATypeEv) referenced from touchgfxhal.o(.constdata__ZTV11TouchGFXHAL)
 <LI><a href="#[100]">touchgfx::HAL::getDMAType()</a> from hal.o(i._ZN8touchgfx3HAL10getDMATypeEv) referenced from touchgfxgeneratedhal.o(.constdata__ZTV20TouchGFXGeneratedHAL)
 <LI><a href="#[100]">touchgfx::HAL::getDMAType()</a> from hal.o(i._ZN8touchgfx3HAL10getDMATypeEv) referenced from hal.o(.constdata__ZTVN8touchgfx3HALE)
 <LI><a href="#[f0]">touchgfx::HAL::getBlitCaps()</a> from hal.o(i._ZN8touchgfx3HAL11getBlitCapsEv) referenced from touchgfxhal.o(.constdata__ZTV11TouchGFXHAL)
 <LI><a href="#[f0]">touchgfx::HAL::getBlitCaps()</a> from hal.o(i._ZN8touchgfx3HAL11getBlitCapsEv) referenced from touchgfxgeneratedhal.o(.constdata__ZTV20TouchGFXGeneratedHAL)
 <LI><a href="#[f0]">touchgfx::HAL::getBlitCaps()</a> from hal.o(i._ZN8touchgfx3HAL11getBlitCapsEv) referenced from hal.o(.constdata__ZTVN8touchgfx3HALE)
 <LI><a href="#[f3]">touchgfx::HAL::blitCopyGlyph(const unsigned char*, unsigned short, unsigned short, unsigned short, unsigned short, unsigned short, touchgfx::colortype, unsigned char, touchgfx::BlitOperations)</a> from hal.o(i._ZN8touchgfx3HAL13blitCopyGlyphEPKhtttttNS_9colortypeEhNS_14BlitOperationsE) referenced from touchgfxhal.o(.constdata__ZTV11TouchGFXHAL)
 <LI><a href="#[f3]">touchgfx::HAL::blitCopyGlyph(const unsigned char*, unsigned short, unsigned short, unsigned short, unsigned short, unsigned short, touchgfx::colortype, unsigned char, touchgfx::BlitOperations)</a> from hal.o(i._ZN8touchgfx3HAL13blitCopyGlyphEPKhtttttNS_9colortypeEhNS_14BlitOperationsE) referenced from touchgfxgeneratedhal.o(.constdata__ZTV20TouchGFXGeneratedHAL)
 <LI><a href="#[f3]">touchgfx::HAL::blitCopyGlyph(const unsigned char*, unsigned short, unsigned short, unsigned short, unsigned short, unsigned short, touchgfx::colortype, unsigned char, touchgfx::BlitOperations)</a> from hal.o(i._ZN8touchgfx3HAL13blitCopyGlyphEPKhtttttNS_9colortypeEhNS_14BlitOperationsE) referenced from hal.o(.constdata__ZTVN8touchgfx3HALE)
 <LI><a href="#[f7]">touchgfx::HAL::backPorchExited()</a> from touchgfxhal.o(i._ZN8touchgfx3HAL15backPorchExitedEv) referenced from touchgfxhal.o(.constdata__ZTV11TouchGFXHAL)
 <LI><a href="#[f7]">touchgfx::HAL::backPorchExited()</a> from touchgfxhal.o(i._ZN8touchgfx3HAL15backPorchExitedEv) referenced from touchgfxgeneratedhal.o(.constdata__ZTV20TouchGFXGeneratedHAL)
 <LI><a href="#[f7]">touchgfx::HAL::backPorchExited()</a> from touchgfxhal.o(i._ZN8touchgfx3HAL15backPorchExitedEv) referenced from hal.o(.constdata__ZTVN8touchgfx3HALE)
 <LI><a href="#[ec]">touchgfx::HAL::lockFrameBuffer()</a> from hal.o(i._ZN8touchgfx3HAL15lockFrameBufferEv) referenced from touchgfxhal.o(.constdata__ZTV11TouchGFXHAL)
 <LI><a href="#[ec]">touchgfx::HAL::lockFrameBuffer()</a> from hal.o(i._ZN8touchgfx3HAL15lockFrameBufferEv) referenced from touchgfxgeneratedhal.o(.constdata__ZTV20TouchGFXGeneratedHAL)
 <LI><a href="#[ec]">touchgfx::HAL::lockFrameBuffer()</a> from hal.o(i._ZN8touchgfx3HAL15lockFrameBufferEv) referenced from hal.o(.constdata__ZTVN8touchgfx3HALE)
 <LI><a href="#[f2]">touchgfx::HAL::blitCopyARGB8888(const unsigned short*, unsigned short, unsigned short, unsigned short, unsigned short, unsigned short, unsigned char)</a> from hal.o(i._ZN8touchgfx3HAL16blitCopyARGB8888EPKtttttth) referenced from touchgfxhal.o(.constdata__ZTV11TouchGFXHAL)
 <LI><a href="#[f2]">touchgfx::HAL::blitCopyARGB8888(const unsigned short*, unsigned short, unsigned short, unsigned short, unsigned short, unsigned short, unsigned char)</a> from hal.o(i._ZN8touchgfx3HAL16blitCopyARGB8888EPKtttttth) referenced from touchgfxgeneratedhal.o(.constdata__ZTV20TouchGFXGeneratedHAL)
 <LI><a href="#[f2]">touchgfx::HAL::blitCopyARGB8888(const unsigned short*, unsigned short, unsigned short, unsigned short, unsigned short, unsigned short, unsigned char)</a> from hal.o(i._ZN8touchgfx3HAL16blitCopyARGB8888EPKtttttth) referenced from hal.o(.constdata__ZTVN8touchgfx3HALE)
 <LI><a href="#[164]">touchgfx::HAL::flushFrameBuffer(const touchgfx::Rect&)</a> from hal.o(i._ZN8touchgfx3HAL16flushFrameBufferERKNS_4RectE) referenced from hal.o(.constdata__ZTVN8touchgfx3HALE)
 <LI><a href="#[ea]">touchgfx::HAL::allowDMATransfers()</a> from hal.o(i._ZN8touchgfx3HAL17allowDMATransfersEv) referenced from touchgfxhal.o(.constdata__ZTV11TouchGFXHAL)
 <LI><a href="#[ea]">touchgfx::HAL::allowDMATransfers()</a> from hal.o(i._ZN8touchgfx3HAL17allowDMATransfersEv) referenced from touchgfxgeneratedhal.o(.constdata__ZTV20TouchGFXGeneratedHAL)
 <LI><a href="#[ea]">touchgfx::HAL::allowDMATransfers()</a> from hal.o(i._ZN8touchgfx3HAL17allowDMATransfersEv) referenced from hal.o(.constdata__ZTVN8touchgfx3HALE)
 <LI><a href="#[ff]">touchgfx::HAL::getTFTCurrentLine()</a> from hal.o(i._ZN8touchgfx3HAL17getTFTCurrentLineEv) referenced from touchgfxhal.o(.constdata__ZTV11TouchGFXHAL)
 <LI><a href="#[ff]">touchgfx::HAL::getTFTCurrentLine()</a> from hal.o(i._ZN8touchgfx3HAL17getTFTCurrentLineEv) referenced from touchgfxgeneratedhal.o(.constdata__ZTV20TouchGFXGeneratedHAL)
 <LI><a href="#[ff]">touchgfx::HAL::getTFTCurrentLine()</a> from hal.o(i._ZN8touchgfx3HAL17getTFTCurrentLineEv) referenced from hal.o(.constdata__ZTVN8touchgfx3HALE)
 <LI><a href="#[ed]">touchgfx::HAL::unlockFrameBuffer()</a> from hal.o(i._ZN8touchgfx3HAL17unlockFrameBufferEv) referenced from touchgfxhal.o(.constdata__ZTV11TouchGFXHAL)
 <LI><a href="#[ed]">touchgfx::HAL::unlockFrameBuffer()</a> from hal.o(i._ZN8touchgfx3HAL17unlockFrameBufferEv) referenced from touchgfxgeneratedhal.o(.constdata__ZTV20TouchGFXGeneratedHAL)
 <LI><a href="#[ed]">touchgfx::HAL::unlockFrameBuffer()</a> from hal.o(i._ZN8touchgfx3HAL17unlockFrameBufferEv) referenced from hal.o(.constdata__ZTVN8touchgfx3HALE)
 <LI><a href="#[f6]">touchgfx::HAL::registerEventListener(touchgfx::UIEventListener&)</a> from hal.o(i._ZN8touchgfx3HAL21registerEventListenerERNS_15UIEventListenerE) referenced from touchgfxhal.o(.constdata__ZTV11TouchGFXHAL)
 <LI><a href="#[f6]">touchgfx::HAL::registerEventListener(touchgfx::UIEventListener&)</a> from hal.o(i._ZN8touchgfx3HAL21registerEventListenerERNS_15UIEventListenerE) referenced from touchgfxgeneratedhal.o(.constdata__ZTV20TouchGFXGeneratedHAL)
 <LI><a href="#[f6]">touchgfx::HAL::registerEventListener(touchgfx::UIEventListener&)</a> from hal.o(i._ZN8touchgfx3HAL21registerEventListenerERNS_15UIEventListenerE) referenced from hal.o(.constdata__ZTVN8touchgfx3HALE)
 <LI><a href="#[e7]">touchgfx::HAL::setDisplayOrientation(touchgfx::DisplayOrientation)</a> from touchgfxhal.o(i._ZN8touchgfx3HAL21setDisplayOrientationENS_18DisplayOrientationE) referenced from touchgfxhal.o(.constdata__ZTV11TouchGFXHAL)
 <LI><a href="#[e7]">touchgfx::HAL::setDisplayOrientation(touchgfx::DisplayOrientation)</a> from touchgfxhal.o(i._ZN8touchgfx3HAL21setDisplayOrientationENS_18DisplayOrientationE) referenced from touchgfxgeneratedhal.o(.constdata__ZTV20TouchGFXGeneratedHAL)
 <LI><a href="#[e7]">touchgfx::HAL::setDisplayOrientation(touchgfx::DisplayOrientation)</a> from touchgfxhal.o(i._ZN8touchgfx3HAL21setDisplayOrientationENS_18DisplayOrientationE) referenced from hal.o(.constdata__ZTVN8touchgfx3HALE)
 <LI><a href="#[fd]">touchgfx::HAL::configurePartialFrameBuffer(unsigned short, unsigned short, unsigned short, unsigned short)</a> from hal.o(i._ZN8touchgfx3HAL27configurePartialFrameBufferEtttt) referenced from touchgfxhal.o(.constdata__ZTV11TouchGFXHAL)
 <LI><a href="#[fd]">touchgfx::HAL::configurePartialFrameBuffer(unsigned short, unsigned short, unsigned short, unsigned short)</a> from hal.o(i._ZN8touchgfx3HAL27configurePartialFrameBufferEtttt) referenced from touchgfxgeneratedhal.o(.constdata__ZTV20TouchGFXGeneratedHAL)
 <LI><a href="#[fd]">touchgfx::HAL::configurePartialFrameBuffer(unsigned short, unsigned short, unsigned short, unsigned short)</a> from hal.o(i._ZN8touchgfx3HAL27configurePartialFrameBufferEtttt) referenced from hal.o(.constdata__ZTVN8touchgfx3HALE)
 <LI><a href="#[fc]">touchgfx::HAL::setFrameBufferStartAddresses(void*, void*, void*)</a> from hal.o(i._ZN8touchgfx3HAL28setFrameBufferStartAddressesEPvS1_S1_) referenced from touchgfxhal.o(.constdata__ZTV11TouchGFXHAL)
 <LI><a href="#[fc]">touchgfx::HAL::setFrameBufferStartAddresses(void*, void*, void*)</a> from hal.o(i._ZN8touchgfx3HAL28setFrameBufferStartAddressesEPvS1_S1_) referenced from touchgfxgeneratedhal.o(.constdata__ZTV20TouchGFXGeneratedHAL)
 <LI><a href="#[fc]">touchgfx::HAL::setFrameBufferStartAddresses(void*, void*, void*)</a> from hal.o(i._ZN8touchgfx3HAL28setFrameBufferStartAddressesEPvS1_S1_) referenced from hal.o(.constdata__ZTVN8touchgfx3HALE)
 <LI><a href="#[107]">touchgfx::HAL::performDisplayOrientationChange()</a> from hal.o(i._ZN8touchgfx3HAL31performDisplayOrientationChangeEv) referenced from touchgfxhal.o(.constdata__ZTV11TouchGFXHAL)
 <LI><a href="#[107]">touchgfx::HAL::performDisplayOrientationChange()</a> from hal.o(i._ZN8touchgfx3HAL31performDisplayOrientationChangeEv) referenced from touchgfxgeneratedhal.o(.constdata__ZTV20TouchGFXGeneratedHAL)
 <LI><a href="#[107]">touchgfx::HAL::performDisplayOrientationChange()</a> from hal.o(i._ZN8touchgfx3HAL31performDisplayOrientationChangeEv) referenced from hal.o(.constdata__ZTVN8touchgfx3HALE)
 <LI><a href="#[101]">touchgfx::HAL::tick()</a> from hal.o(i._ZN8touchgfx3HAL4tickEv) referenced from touchgfxhal.o(.constdata__ZTV11TouchGFXHAL)
 <LI><a href="#[101]">touchgfx::HAL::tick()</a> from hal.o(i._ZN8touchgfx3HAL4tickEv) referenced from touchgfxgeneratedhal.o(.constdata__ZTV20TouchGFXGeneratedHAL)
 <LI><a href="#[101]">touchgfx::HAL::tick()</a> from hal.o(i._ZN8touchgfx3HAL4tickEv) referenced from hal.o(.constdata__ZTVN8touchgfx3HALE)
 <LI><a href="#[105]">touchgfx::HAL::touch(int, int)</a> from hal.o(i._ZN8touchgfx3HAL5touchEii) referenced from touchgfxhal.o(.constdata__ZTV11TouchGFXHAL)
 <LI><a href="#[105]">touchgfx::HAL::touch(int, int)</a> from hal.o(i._ZN8touchgfx3HAL5touchEii) referenced from touchgfxgeneratedhal.o(.constdata__ZTV20TouchGFXGeneratedHAL)
 <LI><a href="#[105]">touchgfx::HAL::touch(int, int)</a> from hal.o(i._ZN8touchgfx3HAL5touchEii) referenced from hal.o(.constdata__ZTVN8touchgfx3HALE)
 <LI><a href="#[106]">touchgfx::HAL::noTouch()</a> from hal.o(i._ZN8touchgfx3HAL7noTouchEv) referenced from touchgfxhal.o(.constdata__ZTV11TouchGFXHAL)
 <LI><a href="#[106]">touchgfx::HAL::noTouch()</a> from hal.o(i._ZN8touchgfx3HAL7noTouchEv) referenced from touchgfxgeneratedhal.o(.constdata__ZTV20TouchGFXGeneratedHAL)
 <LI><a href="#[106]">touchgfx::HAL::noTouch()</a> from hal.o(i._ZN8touchgfx3HAL7noTouchEv) referenced from hal.o(.constdata__ZTVN8touchgfx3HALE)
 <LI><a href="#[f1]">touchgfx::HAL::blitCopy(const unsigned short*, unsigned short, unsigned short, unsigned short, unsigned short, unsigned short, unsigned char, bool)</a> from hal.o(i._ZN8touchgfx3HAL8blitCopyEPKtttttthb) referenced from touchgfxhal.o(.constdata__ZTV11TouchGFXHAL)
 <LI><a href="#[f1]">touchgfx::HAL::blitCopy(const unsigned short*, unsigned short, unsigned short, unsigned short, unsigned short, unsigned short, unsigned char, bool)</a> from hal.o(i._ZN8touchgfx3HAL8blitCopyEPKtttttthb) referenced from touchgfxgeneratedhal.o(.constdata__ZTV20TouchGFXGeneratedHAL)
 <LI><a href="#[f1]">touchgfx::HAL::blitCopy(const unsigned short*, unsigned short, unsigned short, unsigned short, unsigned short, unsigned short, unsigned char, bool)</a> from hal.o(i._ZN8touchgfx3HAL8blitCopyEPKtttttthb) referenced from hal.o(.constdata__ZTVN8touchgfx3HALE)
 <LI><a href="#[f5]">touchgfx::HAL::blitFill(touchgfx::colortype, unsigned short, unsigned short, unsigned short, unsigned short, unsigned char)</a> from hal.o(i._ZN8touchgfx3HAL8blitFillENS_9colortypeEtttth) referenced from touchgfxhal.o(.constdata__ZTV11TouchGFXHAL)
 <LI><a href="#[f5]">touchgfx::HAL::blitFill(touchgfx::colortype, unsigned short, unsigned short, unsigned short, unsigned short, unsigned char)</a> from hal.o(i._ZN8touchgfx3HAL8blitFillENS_9colortypeEtttth) referenced from touchgfxgeneratedhal.o(.constdata__ZTV20TouchGFXGeneratedHAL)
 <LI><a href="#[f5]">touchgfx::HAL::blitFill(touchgfx::colortype, unsigned short, unsigned short, unsigned short, unsigned short, unsigned char)</a> from hal.o(i._ZN8touchgfx3HAL8blitFillENS_9colortypeEtttth) referenced from hal.o(.constdata__ZTVN8touchgfx3HALE)
 <LI><a href="#[f4]">touchgfx::HAL::blitFill(touchgfx::colortype, unsigned short, unsigned short, unsigned short, unsigned short, unsigned char, unsigned short, touchgfx::Bitmap::BitmapFormat)</a> from hal.o(i._ZN8touchgfx3HAL8blitFillENS_9colortypeEtttthtNS_6Bitmap12BitmapFormatE) referenced from touchgfxhal.o(.constdata__ZTV11TouchGFXHAL)
 <LI><a href="#[f4]">touchgfx::HAL::blitFill(touchgfx::colortype, unsigned short, unsigned short, unsigned short, unsigned short, unsigned char, unsigned short, touchgfx::Bitmap::BitmapFormat)</a> from hal.o(i._ZN8touchgfx3HAL8blitFillENS_9colortypeEtttthtNS_6Bitmap12BitmapFormatE) referenced from touchgfxgeneratedhal.o(.constdata__ZTV20TouchGFXGeneratedHAL)
 <LI><a href="#[f4]">touchgfx::HAL::blitFill(touchgfx::colortype, unsigned short, unsigned short, unsigned short, unsigned short, unsigned char, unsigned short, touchgfx::Bitmap::BitmapFormat)</a> from hal.o(i._ZN8touchgfx3HAL8blitFillENS_9colortypeEtttthtNS_6Bitmap12BitmapFormatE) referenced from hal.o(.constdata__ZTVN8touchgfx3HALE)
 <LI><a href="#[103]">touchgfx::HAL::endFrame()</a> from hal.o(i._ZN8touchgfx3HAL8endFrameEv) referenced from touchgfxhal.o(.constdata__ZTV11TouchGFXHAL)
 <LI><a href="#[103]">touchgfx::HAL::endFrame()</a> from hal.o(i._ZN8touchgfx3HAL8endFrameEv) referenced from touchgfxgeneratedhal.o(.constdata__ZTV20TouchGFXGeneratedHAL)
 <LI><a href="#[103]">touchgfx::HAL::endFrame()</a> from hal.o(i._ZN8touchgfx3HAL8endFrameEv) referenced from hal.o(.constdata__ZTVN8touchgfx3HALE)
 <LI><a href="#[eb]">touchgfx::HAL::flushDMA()</a> from hal.o(i._ZN8touchgfx3HAL8flushDMAEv) referenced from touchgfxhal.o(.constdata__ZTV11TouchGFXHAL)
 <LI><a href="#[eb]">touchgfx::HAL::flushDMA()</a> from hal.o(i._ZN8touchgfx3HAL8flushDMAEv) referenced from touchgfxgeneratedhal.o(.constdata__ZTV20TouchGFXGeneratedHAL)
 <LI><a href="#[eb]">touchgfx::HAL::flushDMA()</a> from hal.o(i._ZN8touchgfx3HAL8flushDMAEv) referenced from hal.o(.constdata__ZTVN8touchgfx3HALE)
 <LI><a href="#[11e]">touchgfx::HAL::blockCopy(void*, const void*, unsigned)</a> from hal.o(i._ZN8touchgfx3HAL9blockCopyEPvPKvj) referenced from touchgfxgeneratedhal.o(.constdata__ZTV20TouchGFXGeneratedHAL)
 <LI><a href="#[11e]">touchgfx::HAL::blockCopy(void*, const void*, unsigned)</a> from hal.o(i._ZN8touchgfx3HAL9blockCopyEPvPKvj) referenced from hal.o(.constdata__ZTVN8touchgfx3HALE)
 <LI><a href="#[fe]">touchgfx::HAL::taskDelay(unsigned short)</a> from hal.o(i._ZN8touchgfx3HAL9taskDelayEt) referenced from touchgfxhal.o(.constdata__ZTV11TouchGFXHAL)
 <LI><a href="#[fe]">touchgfx::HAL::taskDelay(unsigned short)</a> from hal.o(i._ZN8touchgfx3HAL9taskDelayEt) referenced from touchgfxgeneratedhal.o(.constdata__ZTV20TouchGFXGeneratedHAL)
 <LI><a href="#[fe]">touchgfx::HAL::taskDelay(unsigned short)</a> from hal.o(i._ZN8touchgfx3HAL9taskDelayEt) referenced from hal.o(.constdata__ZTVN8touchgfx3HALE)
 <LI><a href="#[11b]">touchgfx::HAL::taskEntry()</a> from hal.o(i._ZN8touchgfx3HAL9taskEntryEv) referenced from touchgfxgeneratedhal.o(.constdata__ZTV20TouchGFXGeneratedHAL)
 <LI><a href="#[11b]">touchgfx::HAL::taskEntry()</a> from hal.o(i._ZN8touchgfx3HAL9taskEntryEv) referenced from hal.o(.constdata__ZTVN8touchgfx3HALE)
 <LI><a href="#[28]">touchgfx::LCD::drawStringLTR(const touchgfx::Rect&, const touchgfx::Rect&, const touchgfx::LCD::StringVisuals&, const unsigned short*, std::__va_list)</a> from lcd.o(i._ZN8touchgfx3LCD13drawStringLTRERKNS_4RectES3_RKNS0_13StringVisualsEPKtSt9__va_list) referenced 2 times from texts.o(.data)
 <LI><a href="#[167]">touchgfx::Line::~Line()</a> from line.o(i._ZN8touchgfx4LineD1Ev) referenced from line.o(.constdata__ZTVN8touchgfx4LineE)
 <LI><a href="#[c3]">touchgfx::Rect::Rect()</a> from application.o(i._ZN8touchgfx4RectC1Ev) referenced from application.o(t._ZN8touchgfx6VectorINS_4RectELt8EEC1Ev)
 <LI><a href="#[16a]">touchgfx::View&lang;Screen1Presenter&rang;::~View()</a> from screen1viewbase.o(i._ZN8touchgfx4ViewI16Screen1PresenterED1Ev) referenced from screen1viewbase.o(.constdata__ZTVN8touchgfx4ViewI16Screen1PresenterEE)
 <LI><a href="#[16e]">touchgfx::Image::setBitmap(const touchgfx::Bitmap&)</a> from image.o(i._ZN8touchgfx5Image9setBitmapERKNS_6BitmapE) referenced from image.o(.constdata__ZTVN8touchgfx5ImageE)
 <LI><a href="#[9d]">touchgfx::BlitOp::BlitOp()</a> from hal.o(i._ZN8touchgfx6BlitOpC1Ev) referenced from stm32dma.o(i._ZN10STM32F7DMAC1Ev)
 <LI><a href="#[172]">touchgfx::Button::setBitmaps(const touchgfx::Bitmap&, const touchgfx::Bitmap&)</a> from button.o(i._ZN8touchgfx6Button10setBitmapsERKNS_6BitmapES3_) referenced from button.o(.constdata__ZTVN8touchgfx6ButtonE)
 <LI><a href="#[16f]">touchgfx::Button::~Button()</a> from button.o(i._ZN8touchgfx6ButtonD1Ev) referenced from button.o(.constdata__ZTVN8touchgfx6ButtonE)
 <LI><a href="#[173]">touchgfx::Canvas::~Canvas()</a> from canvas.o(i._ZN8touchgfx6CanvasD1Ev) referenced from canvas.o(.constdata__ZTVN8touchgfx6CanvasE)
 <LI><a href="#[16b]">touchgfx::Screen::setupScreen()</a> from screen1viewbase.o(i._ZN8touchgfx6Screen11setupScreenEv) referenced from screen1viewbase.o(.constdata__ZTVN8touchgfx4ViewI16Screen1PresenterEE)
 <LI><a href="#[16b]">touchgfx::Screen::setupScreen()</a> from screen1viewbase.o(i._ZN8touchgfx6Screen11setupScreenEv) referenced from screen.o(.constdata__ZTVN8touchgfx6ScreenE)
 <LI><a href="#[e6]">touchgfx::Screen::handleKeyEvent(unsigned char)</a> from screen1view.o(i._ZN8touchgfx6Screen14handleKeyEventEh) referenced from screen1view.o(.constdata__ZTV11Screen1View)
 <LI><a href="#[e6]">touchgfx::Screen::handleKeyEvent(unsigned char)</a> from screen1view.o(i._ZN8touchgfx6Screen14handleKeyEventEh) referenced from screen1viewbase.o(.constdata__ZTV15Screen1ViewBase)
 <LI><a href="#[e6]">touchgfx::Screen::handleKeyEvent(unsigned char)</a> from screen1view.o(i._ZN8touchgfx6Screen14handleKeyEventEh) referenced from screen1viewbase.o(.constdata__ZTVN8touchgfx4ViewI16Screen1PresenterEE)
 <LI><a href="#[e6]">touchgfx::Screen::handleKeyEvent(unsigned char)</a> from screen1view.o(i._ZN8touchgfx6Screen14handleKeyEventEh) referenced from screen.o(.constdata__ZTVN8touchgfx6ScreenE)
 <LI><a href="#[10b]">touchgfx::Screen::tearDownScreen()</a> from screen1viewbase.o(i._ZN8touchgfx6Screen14tearDownScreenEv) referenced from screen1viewbase.o(.constdata__ZTV15Screen1ViewBase)
 <LI><a href="#[10b]">touchgfx::Screen::tearDownScreen()</a> from screen1viewbase.o(i._ZN8touchgfx6Screen14tearDownScreenEv) referenced from screen1viewbase.o(.constdata__ZTVN8touchgfx4ViewI16Screen1PresenterEE)
 <LI><a href="#[10b]">touchgfx::Screen::tearDownScreen()</a> from screen1viewbase.o(i._ZN8touchgfx6Screen14tearDownScreenEv) referenced from screen.o(.constdata__ZTVN8touchgfx6ScreenE)
 <LI><a href="#[e0]">touchgfx::Screen::afterTransition()</a> from screen1view.o(i._ZN8touchgfx6Screen15afterTransitionEv) referenced from screen1view.o(.constdata__ZTV11Screen1View)
 <LI><a href="#[e0]">touchgfx::Screen::afterTransition()</a> from screen1view.o(i._ZN8touchgfx6Screen15afterTransitionEv) referenced from screen1viewbase.o(.constdata__ZTV15Screen1ViewBase)
 <LI><a href="#[e0]">touchgfx::Screen::afterTransition()</a> from screen1view.o(i._ZN8touchgfx6Screen15afterTransitionEv) referenced from screen1viewbase.o(.constdata__ZTVN8touchgfx4ViewI16Screen1PresenterEE)
 <LI><a href="#[e0]">touchgfx::Screen::afterTransition()</a> from screen1view.o(i._ZN8touchgfx6Screen15afterTransitionEv) referenced from screen.o(.constdata__ZTVN8touchgfx6ScreenE)
 <LI><a href="#[e3]">touchgfx::Screen::handleDragEvent(const touchgfx::DragEvent&)</a> from screen.o(i._ZN8touchgfx6Screen15handleDragEventERKNS_9DragEventE) referenced from screen1view.o(.constdata__ZTV11Screen1View)
 <LI><a href="#[e3]">touchgfx::Screen::handleDragEvent(const touchgfx::DragEvent&)</a> from screen.o(i._ZN8touchgfx6Screen15handleDragEventERKNS_9DragEventE) referenced from screen1viewbase.o(.constdata__ZTV15Screen1ViewBase)
 <LI><a href="#[e3]">touchgfx::Screen::handleDragEvent(const touchgfx::DragEvent&)</a> from screen.o(i._ZN8touchgfx6Screen15handleDragEventERKNS_9DragEventE) referenced from screen1viewbase.o(.constdata__ZTVN8touchgfx4ViewI16Screen1PresenterEE)
 <LI><a href="#[e3]">touchgfx::Screen::handleDragEvent(const touchgfx::DragEvent&)</a> from screen.o(i._ZN8touchgfx6Screen15handleDragEventERKNS_9DragEventE) referenced from screen.o(.constdata__ZTVN8touchgfx6ScreenE)
 <LI><a href="#[e5]">touchgfx::Screen::handleTickEvent()</a> from screen1view.o(i._ZN8touchgfx6Screen15handleTickEventEv) referenced from screen1view.o(.constdata__ZTV11Screen1View)
 <LI><a href="#[e5]">touchgfx::Screen::handleTickEvent()</a> from screen1view.o(i._ZN8touchgfx6Screen15handleTickEventEv) referenced from screen1viewbase.o(.constdata__ZTV15Screen1ViewBase)
 <LI><a href="#[e5]">touchgfx::Screen::handleTickEvent()</a> from screen1view.o(i._ZN8touchgfx6Screen15handleTickEventEv) referenced from screen1viewbase.o(.constdata__ZTVN8touchgfx4ViewI16Screen1PresenterEE)
 <LI><a href="#[e5]">touchgfx::Screen::handleTickEvent()</a> from screen1view.o(i._ZN8touchgfx6Screen15handleTickEventEv) referenced from screen.o(.constdata__ZTVN8touchgfx6ScreenE)
 <LI><a href="#[e2]">touchgfx::Screen::handleClickEvent(const touchgfx::ClickEvent&)</a> from screen.o(i._ZN8touchgfx6Screen16handleClickEventERKNS_10ClickEventE) referenced from screen1view.o(.constdata__ZTV11Screen1View)
 <LI><a href="#[e2]">touchgfx::Screen::handleClickEvent(const touchgfx::ClickEvent&)</a> from screen.o(i._ZN8touchgfx6Screen16handleClickEventERKNS_10ClickEventE) referenced from screen1viewbase.o(.constdata__ZTV15Screen1ViewBase)
 <LI><a href="#[e2]">touchgfx::Screen::handleClickEvent(const touchgfx::ClickEvent&)</a> from screen.o(i._ZN8touchgfx6Screen16handleClickEventERKNS_10ClickEventE) referenced from screen1viewbase.o(.constdata__ZTVN8touchgfx4ViewI16Screen1PresenterEE)
 <LI><a href="#[e2]">touchgfx::Screen::handleClickEvent(const touchgfx::ClickEvent&)</a> from screen.o(i._ZN8touchgfx6Screen16handleClickEventERKNS_10ClickEventE) referenced from screen.o(.constdata__ZTVN8touchgfx6ScreenE)
 <LI><a href="#[e4]">touchgfx::Screen::handleGestureEvent(const touchgfx::GestureEvent&)</a> from screen.o(i._ZN8touchgfx6Screen18handleGestureEventERKNS_12GestureEventE) referenced from screen1view.o(.constdata__ZTV11Screen1View)
 <LI><a href="#[e4]">touchgfx::Screen::handleGestureEvent(const touchgfx::GestureEvent&)</a> from screen.o(i._ZN8touchgfx6Screen18handleGestureEventERKNS_12GestureEventE) referenced from screen1viewbase.o(.constdata__ZTV15Screen1ViewBase)
 <LI><a href="#[e4]">touchgfx::Screen::handleGestureEvent(const touchgfx::GestureEvent&)</a> from screen.o(i._ZN8touchgfx6Screen18handleGestureEventERKNS_12GestureEventE) referenced from screen1viewbase.o(.constdata__ZTVN8touchgfx4ViewI16Screen1PresenterEE)
 <LI><a href="#[e4]">touchgfx::Screen::handleGestureEvent(const touchgfx::GestureEvent&)</a> from screen.o(i._ZN8touchgfx6Screen18handleGestureEventERKNS_12GestureEventE) referenced from screen.o(.constdata__ZTVN8touchgfx6ScreenE)
 <LI><a href="#[de]">touchgfx::Screen::draw(touchgfx::Rect&)</a> from screen.o(i._ZN8touchgfx6Screen4drawERNS_4RectE) referenced from screen1view.o(.constdata__ZTV11Screen1View)
 <LI><a href="#[de]">touchgfx::Screen::draw(touchgfx::Rect&)</a> from screen.o(i._ZN8touchgfx6Screen4drawERNS_4RectE) referenced from screen1viewbase.o(.constdata__ZTV15Screen1ViewBase)
 <LI><a href="#[de]">touchgfx::Screen::draw(touchgfx::Rect&)</a> from screen.o(i._ZN8touchgfx6Screen4drawERNS_4RectE) referenced from screen1viewbase.o(.constdata__ZTVN8touchgfx4ViewI16Screen1PresenterEE)
 <LI><a href="#[de]">touchgfx::Screen::draw(touchgfx::Rect&)</a> from screen.o(i._ZN8touchgfx6Screen4drawERNS_4RectE) referenced from screen.o(.constdata__ZTVN8touchgfx6ScreenE)
 <LI><a href="#[174]">touchgfx::Screen::~Screen()</a> from screen.o(i._ZN8touchgfx6ScreenD1Ev) referenced from screen.o(.constdata__ZTVN8touchgfx6ScreenE)
 <LI><a href="#[131]">touchgfx::Widget::getLastChild(short, short, touchgfx::Drawable**)</a> from abstractbutton.o(i._ZN8touchgfx6Widget12getLastChildEssPPNS_8DrawableE) referenced from canvaswidget.o(.constdata__ZTVN8touchgfx12CanvasWidgetE)
 <LI><a href="#[131]">touchgfx::Widget::getLastChild(short, short, touchgfx::Drawable**)</a> from abstractbutton.o(i._ZN8touchgfx6Widget12getLastChildEssPPNS_8DrawableE) referenced from abstractbutton.o(.constdata__ZTVN8touchgfx14AbstractButtonE)
 <LI><a href="#[131]">touchgfx::Widget::getLastChild(short, short, touchgfx::Drawable**)</a> from abstractbutton.o(i._ZN8touchgfx6Widget12getLastChildEssPPNS_8DrawableE) referenced from box.o(.constdata__ZTVN8touchgfx3BoxE)
 <LI><a href="#[131]">touchgfx::Widget::getLastChild(short, short, touchgfx::Drawable**)</a> from abstractbutton.o(i._ZN8touchgfx6Widget12getLastChildEssPPNS_8DrawableE) referenced from line.o(.constdata__ZTVN8touchgfx4LineE)
 <LI><a href="#[131]">touchgfx::Widget::getLastChild(short, short, touchgfx::Drawable**)</a> from abstractbutton.o(i._ZN8touchgfx6Widget12getLastChildEssPPNS_8DrawableE) referenced from image.o(.constdata__ZTVN8touchgfx5ImageE)
 <LI><a href="#[131]">touchgfx::Widget::getLastChild(short, short, touchgfx::Drawable**)</a> from abstractbutton.o(i._ZN8touchgfx6Widget12getLastChildEssPPNS_8DrawableE) referenced from button.o(.constdata__ZTVN8touchgfx6ButtonE)
 <LI><a href="#[131]">touchgfx::Widget::getLastChild(short, short, touchgfx::Drawable**)</a> from abstractbutton.o(i._ZN8touchgfx6Widget12getLastChildEssPPNS_8DrawableE) referenced from screen1viewbase.o(.constdata__ZTVN8touchgfx6WidgetE)
 <LI><a href="#[131]">touchgfx::Widget::getLastChild(short, short, touchgfx::Drawable**)</a> from abstractbutton.o(i._ZN8touchgfx6Widget12getLastChildEssPPNS_8DrawableE) referenced from textarea.o(.constdata__ZTVN8touchgfx8TextAreaE)
 <LI><a href="#[175]">touchgfx::Widget::~Widget__sub_object()</a> from screen1view.o(i._ZN8touchgfx6WidgetD2Ev) referenced from screen1viewbase.o(.constdata__ZTVN8touchgfx6WidgetE)
 <LI><a href="#[9e]">touchgfx::CWRUtil::Q5::Q5()</a> from line.o(i._ZN8touchgfx7CWRUtil2Q5C1Ev) referenced from line.o(i._ZN8touchgfx4LineC1Ev)
 <LI><a href="#[176]">touchgfx::Outline::~Outline()</a> from outline.o(i._ZN8touchgfx7OutlineD1Ev) referenced from outline.o(.constdata__ZTVN8touchgfx7OutlineE)
 <LI><a href="#[178]">touchgfx::Callback&lang;FrontendApplicationBase, void, void, void&rang;::execute()</a> from frontendapplicationbase.o(t._ZN8touchgfx8CallbackI23FrontendApplicationBasevvvE7executeEv) referenced from frontendapplicationbase.o(.constdata__ZTVN8touchgfx8CallbackI23FrontendApplicationBasevvvEE)
 <LI><a href="#[177]">touchgfx::Callback&lang;FrontendApplicationBase, void, void, void&rang;::~Callback()</a> from frontendapplicationbase.o(i._ZN8touchgfx8CallbackI23FrontendApplicationBasevvvED1Ev) referenced from frontendapplicationbase.o(.constdata__ZTVN8touchgfx8CallbackI23FrontendApplicationBasevvvEE)
 <LI><a href="#[134]">touchgfx::Drawable::setPosition(short, short, short, short)</a> from abstractbutton.o(i._ZN8touchgfx8Drawable11setPositionEssss) referenced from canvaswidget.o(.constdata__ZTVN8touchgfx12CanvasWidgetE)
 <LI><a href="#[134]">touchgfx::Drawable::setPosition(short, short, short, short)</a> from abstractbutton.o(i._ZN8touchgfx8Drawable11setPositionEssss) referenced from abstractbutton.o(.constdata__ZTVN8touchgfx14AbstractButtonE)
 <LI><a href="#[134]">touchgfx::Drawable::setPosition(short, short, short, short)</a> from abstractbutton.o(i._ZN8touchgfx8Drawable11setPositionEssss) referenced from box.o(.constdata__ZTVN8touchgfx3BoxE)
 <LI><a href="#[134]">touchgfx::Drawable::setPosition(short, short, short, short)</a> from abstractbutton.o(i._ZN8touchgfx8Drawable11setPositionEssss) referenced from line.o(.constdata__ZTVN8touchgfx4LineE)
 <LI><a href="#[134]">touchgfx::Drawable::setPosition(short, short, short, short)</a> from abstractbutton.o(i._ZN8touchgfx8Drawable11setPositionEssss) referenced from image.o(.constdata__ZTVN8touchgfx5ImageE)
 <LI><a href="#[134]">touchgfx::Drawable::setPosition(short, short, short, short)</a> from abstractbutton.o(i._ZN8touchgfx8Drawable11setPositionEssss) referenced from button.o(.constdata__ZTVN8touchgfx6ButtonE)
 <LI><a href="#[134]">touchgfx::Drawable::setPosition(short, short, short, short)</a> from abstractbutton.o(i._ZN8touchgfx8Drawable11setPositionEssss) referenced from screen1viewbase.o(.constdata__ZTVN8touchgfx6WidgetE)
 <LI><a href="#[134]">touchgfx::Drawable::setPosition(short, short, short, short)</a> from abstractbutton.o(i._ZN8touchgfx8Drawable11setPositionEssss) referenced from drawable.o(.constdata__ZTVN8touchgfx8DrawableE)
 <LI><a href="#[134]">touchgfx::Drawable::setPosition(short, short, short, short)</a> from abstractbutton.o(i._ZN8touchgfx8Drawable11setPositionEssss) referenced from textarea.o(.constdata__ZTVN8touchgfx8TextAreaE)
 <LI><a href="#[134]">touchgfx::Drawable::setPosition(short, short, short, short)</a> from abstractbutton.o(i._ZN8touchgfx8Drawable11setPositionEssss) referenced from container.o(.constdata__ZTVN8touchgfx9ContainerE)
 <LI><a href="#[13e]">touchgfx::Drawable::setupDrawChain(const touchgfx::Rect&, touchgfx::Drawable**)</a> from abstractbutton.o(i._ZN8touchgfx8Drawable14setupDrawChainERKNS_4RectEPPS0_) referenced from canvaswidget.o(.constdata__ZTVN8touchgfx12CanvasWidgetE)
 <LI><a href="#[13e]">touchgfx::Drawable::setupDrawChain(const touchgfx::Rect&, touchgfx::Drawable**)</a> from abstractbutton.o(i._ZN8touchgfx8Drawable14setupDrawChainERKNS_4RectEPPS0_) referenced from abstractbutton.o(.constdata__ZTVN8touchgfx14AbstractButtonE)
[...]
</UL>
<BR>[Calls]<UL><LI><a href="#[4a1]">&gt;&gt;</a>&nbsp;&nbsp;&nbsp;xTaskPriorityDisinherit
<LI><a href="#[39e]">&gt;&gt;</a>&nbsp;&nbsp;&nbsp;__aeabi_memcpy
</UL>
<BR>[Called By]<UL><LI><a href="#[376]">&gt;&gt;</a>&nbsp;&nbsp;&nbsp;xQueueGenericSendFromISR
<LI><a href="#[375]">&gt;&gt;</a>&nbsp;&nbsp;&nbsp;xQueueGenericSend
</UL>

<P><STRONG><a name="[4c7]"></a>prvGetDisinheritPriorityAfterTimeout</STRONG> (Thumb, 20 bytes, Stack size 0 bytes, queue.o(i.prvGetDisinheritPriorityAfterTimeout))
<BR><BR>[Called By]<UL><LI><a href="#[37b]">&gt;&gt;</a>&nbsp;&nbsp;&nbsp;xQueueSemaphoreTake
</UL>

<P><STRONG><a name="[4a4]"></a>prvInitialiseNewQueue</STRONG> (Thumb, 38 bytes, Stack size 24 bytes, queue.o(i.prvInitialiseNewQueue))
<BR><BR>[Stack]<UL><LI>Max Depth = 56<LI>Call Chain = prvInitialiseNewQueue &rArr; xQueueGenericReset &rArr; xTaskRemoveFromEventList
</UL>
<BR>[Calls]<UL><LI><a href="#[447]">&gt;&gt;</a>&nbsp;&nbsp;&nbsp;xQueueGenericReset
</UL>
<BR>[Called By]<UL><LI><a href="#[374]">&gt;&gt;</a>&nbsp;&nbsp;&nbsp;xQueueGenericCreate
<LI><a href="#[48d]">&gt;&gt;</a>&nbsp;&nbsp;&nbsp;xQueueGenericCreateStatic
</UL>

<P><STRONG><a name="[4a9]"></a>prvIsQueueEmpty</STRONG> (Thumb, 26 bytes, Stack size 16 bytes, queue.o(i.prvIsQueueEmpty))
<BR><BR>[Stack]<UL><LI>Max Depth = 16<LI>Call Chain = prvIsQueueEmpty
</UL>
<BR>[Calls]<UL><LI><a href="#[49c]">&gt;&gt;</a>&nbsp;&nbsp;&nbsp;vPortExitCritical
<LI><a href="#[49a]">&gt;&gt;</a>&nbsp;&nbsp;&nbsp;vPortEnterCritical
</UL>
<BR>[Called By]<UL><LI><a href="#[37b]">&gt;&gt;</a>&nbsp;&nbsp;&nbsp;xQueueSemaphoreTake
<LI><a href="#[378]">&gt;&gt;</a>&nbsp;&nbsp;&nbsp;xQueueReceive
</UL>

<P><STRONG><a name="[4aa]"></a>prvIsQueueFull</STRONG> (Thumb, 30 bytes, Stack size 16 bytes, queue.o(i.prvIsQueueFull))
<BR><BR>[Stack]<UL><LI>Max Depth = 16<LI>Call Chain = prvIsQueueFull
</UL>
<BR>[Calls]<UL><LI><a href="#[49c]">&gt;&gt;</a>&nbsp;&nbsp;&nbsp;vPortExitCritical
<LI><a href="#[49a]">&gt;&gt;</a>&nbsp;&nbsp;&nbsp;vPortEnterCritical
</UL>
<BR>[Called By]<UL><LI><a href="#[375]">&gt;&gt;</a>&nbsp;&nbsp;&nbsp;xQueueGenericSend
</UL>

<P><STRONG><a name="[4ab]"></a>prvUnlockQueue</STRONG> (Thumb, 126 bytes, Stack size 16 bytes, queue.o(i.prvUnlockQueue))
<BR><BR>[Stack]<UL><LI>Max Depth = 32<LI>Call Chain = prvUnlockQueue &rArr; xTaskRemoveFromEventList
</UL>
<BR>[Calls]<UL><LI><a href="#[49c]">&gt;&gt;</a>&nbsp;&nbsp;&nbsp;vPortExitCritical
<LI><a href="#[49a]">&gt;&gt;</a>&nbsp;&nbsp;&nbsp;vPortEnterCritical
<LI><a href="#[4ac]">&gt;&gt;</a>&nbsp;&nbsp;&nbsp;xTaskRemoveFromEventList
<LI><a href="#[4ad]">&gt;&gt;</a>&nbsp;&nbsp;&nbsp;vTaskMissedYield
</UL>
<BR>[Called By]<UL><LI><a href="#[37b]">&gt;&gt;</a>&nbsp;&nbsp;&nbsp;xQueueSemaphoreTake
<LI><a href="#[378]">&gt;&gt;</a>&nbsp;&nbsp;&nbsp;xQueueReceive
<LI><a href="#[375]">&gt;&gt;</a>&nbsp;&nbsp;&nbsp;xQueueGenericSend
</UL>

<P><STRONG><a name="[495]"></a>prvAddCurrentTaskToDelayedList</STRONG> (Thumb, 124 bytes, Stack size 24 bytes, tasks.o(i.prvAddCurrentTaskToDelayedList))
<BR><BR>[Stack]<UL><LI>Max Depth = 32<LI>Call Chain = prvAddCurrentTaskToDelayedList &rArr; vListInsert
</UL>
<BR>[Calls]<UL><LI><a href="#[497]">&gt;&gt;</a>&nbsp;&nbsp;&nbsp;vListInsertEnd
<LI><a href="#[498]">&gt;&gt;</a>&nbsp;&nbsp;&nbsp;vListInsert
<LI><a href="#[496]">&gt;&gt;</a>&nbsp;&nbsp;&nbsp;uxListRemove
</UL>
<BR>[Called By]<UL><LI><a href="#[487]">&gt;&gt;</a>&nbsp;&nbsp;&nbsp;vTaskDelay
<LI><a href="#[4bb]">&gt;&gt;</a>&nbsp;&nbsp;&nbsp;vTaskPlaceOnEventList
</UL>

<P><STRONG><a name="[499]"></a>prvAddNewTaskToReadyList</STRONG> (Thumb, 150 bytes, Stack size 8 bytes, tasks.o(i.prvAddNewTaskToReadyList))
<BR><BR>[Stack]<UL><LI>Max Depth = 16<LI>Call Chain = prvAddNewTaskToReadyList &rArr; prvInitialiseTaskLists
</UL>
<BR>[Calls]<UL><LI><a href="#[49c]">&gt;&gt;</a>&nbsp;&nbsp;&nbsp;vPortExitCritical
<LI><a href="#[49a]">&gt;&gt;</a>&nbsp;&nbsp;&nbsp;vPortEnterCritical
<LI><a href="#[49b]">&gt;&gt;</a>&nbsp;&nbsp;&nbsp;prvInitialiseTaskLists
<LI><a href="#[497]">&gt;&gt;</a>&nbsp;&nbsp;&nbsp;vListInsertEnd
</UL>
<BR>[Called By]<UL><LI><a href="#[493]">&gt;&gt;</a>&nbsp;&nbsp;&nbsp;xTaskCreateStatic
<LI><a href="#[494]">&gt;&gt;</a>&nbsp;&nbsp;&nbsp;xTaskCreate
</UL>

<P><STRONG><a name="[49d]"></a>prvCheckTasksWaitingTermination</STRONG> (Thumb, 60 bytes, Stack size 8 bytes, tasks.o(i.prvCheckTasksWaitingTermination))
<BR><BR>[Stack]<UL><LI>Max Depth = 72<LI>Call Chain = prvCheckTasksWaitingTermination &rArr; prvDeleteTCB &rArr; vPortFree &rArr; xTaskResumeAll &rArr; xTaskIncrementTick
</UL>
<BR>[Calls]<UL><LI><a href="#[49c]">&gt;&gt;</a>&nbsp;&nbsp;&nbsp;vPortExitCritical
<LI><a href="#[49a]">&gt;&gt;</a>&nbsp;&nbsp;&nbsp;vPortEnterCritical
<LI><a href="#[49e]">&gt;&gt;</a>&nbsp;&nbsp;&nbsp;prvDeleteTCB
<LI><a href="#[496]">&gt;&gt;</a>&nbsp;&nbsp;&nbsp;uxListRemove
</UL>
<BR>[Called By]<UL><LI><a href="#[c2]">&gt;&gt;</a>&nbsp;&nbsp;&nbsp;prvIdleTask
</UL>

<P><STRONG><a name="[49e]"></a>prvDeleteTCB</STRONG> (Thumb, 84 bytes, Stack size 8 bytes, tasks.o(i.prvDeleteTCB))
<BR><BR>[Stack]<UL><LI>Max Depth = 64<LI>Call Chain = prvDeleteTCB &rArr; vPortFree &rArr; xTaskResumeAll &rArr; xTaskIncrementTick
</UL>
<BR>[Calls]<UL><LI><a href="#[4a2]">&gt;&gt;</a>&nbsp;&nbsp;&nbsp;vPortFree
</UL>
<BR>[Called By]<UL><LI><a href="#[49d]">&gt;&gt;</a>&nbsp;&nbsp;&nbsp;prvCheckTasksWaitingTermination
</UL>

<P><STRONG><a name="[c2]"></a>prvIdleTask</STRONG> (Thumb, 36 bytes, Stack size 0 bytes, tasks.o(i.prvIdleTask))
<BR><BR>[Stack]<UL><LI>Max Depth = 72<LI>Call Chain = prvIdleTask &rArr; prvCheckTasksWaitingTermination &rArr; prvDeleteTCB &rArr; vPortFree &rArr; xTaskResumeAll &rArr; xTaskIncrementTick
</UL>
<BR>[Calls]<UL><LI><a href="#[4a3]">&gt;&gt;</a>&nbsp;&nbsp;&nbsp;vApplicationIdleHook
<LI><a href="#[49d]">&gt;&gt;</a>&nbsp;&nbsp;&nbsp;prvCheckTasksWaitingTermination
</UL>
<BR>[Address Reference Count : 1]<UL><LI> tasks.o(i.vTaskStartScheduler)
</UL>
<P><STRONG><a name="[4a5]"></a>prvInitialiseNewTask</STRONG> (Thumb, 186 bytes, Stack size 40 bytes, tasks.o(i.prvInitialiseNewTask))
<BR><BR>[Stack]<UL><LI>Max Depth = 40 + Unknown Stack Size
<LI>Call Chain = prvInitialiseNewTask
</UL>
<BR>[Calls]<UL><LI><a href="#[4a7]">&gt;&gt;</a>&nbsp;&nbsp;&nbsp;pxPortInitialiseStack
<LI><a href="#[4a6]">&gt;&gt;</a>&nbsp;&nbsp;&nbsp;vListInitialiseItem
<LI><a href="#[1c1]">&gt;&gt;</a>&nbsp;&nbsp;&nbsp;__aeabi_memset
</UL>
<BR>[Called By]<UL><LI><a href="#[493]">&gt;&gt;</a>&nbsp;&nbsp;&nbsp;xTaskCreateStatic
<LI><a href="#[494]">&gt;&gt;</a>&nbsp;&nbsp;&nbsp;xTaskCreate
</UL>

<P><STRONG><a name="[49b]"></a>prvInitialiseTaskLists</STRONG> (Thumb, 70 bytes, Stack size 8 bytes, tasks.o(i.prvInitialiseTaskLists))
<BR><BR>[Stack]<UL><LI>Max Depth = 8<LI>Call Chain = prvInitialiseTaskLists
</UL>
<BR>[Calls]<UL><LI><a href="#[4a8]">&gt;&gt;</a>&nbsp;&nbsp;&nbsp;vListInitialise
</UL>
<BR>[Called By]<UL><LI><a href="#[499]">&gt;&gt;</a>&nbsp;&nbsp;&nbsp;prvAddNewTaskToReadyList
</UL>

<P><STRONG><a name="[4c8]"></a>prvResetNextTaskUnblockTime</STRONG> (Thumb, 42 bytes, Stack size 0 bytes, tasks.o(i.prvResetNextTaskUnblockTime))
<BR><BR>[Called By]<UL><LI><a href="#[4b2]">&gt;&gt;</a>&nbsp;&nbsp;&nbsp;xTaskResumeAll
<LI><a href="#[30c]">&gt;&gt;</a>&nbsp;&nbsp;&nbsp;xTaskIncrementTick
</UL>

<P><STRONG><a name="[48a]"></a>inHandlerMode</STRONG> (Thumb, 16 bytes, Stack size 0 bytes, cmsis_os.o(i.inHandlerMode))
<BR><BR>[Called By]<UL><LI><a href="#[1e6]">&gt;&gt;</a>&nbsp;&nbsp;&nbsp;osMessagePut
<LI><a href="#[308]">&gt;&gt;</a>&nbsp;&nbsp;&nbsp;osMessageGet
<LI><a href="#[2fe]">&gt;&gt;</a>&nbsp;&nbsp;&nbsp;osKernelSysTick
<LI><a href="#[479]">&gt;&gt;</a>&nbsp;&nbsp;&nbsp;osSemaphoreWait
<LI><a href="#[477]">&gt;&gt;</a>&nbsp;&nbsp;&nbsp;osSemaphoreRelease
<LI><a href="#[475]">&gt;&gt;</a>&nbsp;&nbsp;&nbsp;osSemaphoreDelete
</UL>

<P><STRONG><a name="[492]"></a>makeFreeRtosPriority</STRONG> (Thumb, 14 bytes, Stack size 0 bytes, cmsis_os.o(i.makeFreeRtosPriority))
<BR><BR>[Called By]<UL><LI><a href="#[2cc]">&gt;&gt;</a>&nbsp;&nbsp;&nbsp;osThreadCreate
</UL>

<P><STRONG><a name="[4b0]"></a>prvHeapInit</STRONG> (Thumb, 98 bytes, Stack size 12 bytes, heap_4.o(i.prvHeapInit))
<BR><BR>[Stack]<UL><LI>Max Depth = 12<LI>Call Chain = prvHeapInit
</UL>
<BR>[Called By]<UL><LI><a href="#[4ae]">&gt;&gt;</a>&nbsp;&nbsp;&nbsp;pvPortMalloc
</UL>

<P><STRONG><a name="[4b1]"></a>prvInsertBlockIntoFreeList</STRONG> (Thumb, 96 bytes, Stack size 8 bytes, heap_4.o(i.prvInsertBlockIntoFreeList))
<BR><BR>[Stack]<UL><LI>Max Depth = 8<LI>Call Chain = prvInsertBlockIntoFreeList
</UL>
<BR>[Called By]<UL><LI><a href="#[4a2]">&gt;&gt;</a>&nbsp;&nbsp;&nbsp;vPortFree
<LI><a href="#[4ae]">&gt;&gt;</a>&nbsp;&nbsp;&nbsp;pvPortMalloc
</UL>

<P><STRONG><a name="[c0]"></a>prvTaskExitError</STRONG> (Thumb, 68 bytes, Stack size 0 bytes, port.o(i.prvTaskExitError))
<BR>[Address Reference Count : 1]<UL><LI> port.o(i.pxPortInitialiseStack)
</UL>
<P><STRONG><a name="[331]"></a>SWAPBYTE</STRONG> (Thumb, 18 bytes, Stack size 12 bytes, usbd_ctlreq.o(i.SWAPBYTE))
<BR><BR>[Stack]<UL><LI>Max Depth = 12<LI>Call Chain = SWAPBYTE
</UL>
<BR>[Called By]<UL><LI><a href="#[32c]">&gt;&gt;</a>&nbsp;&nbsp;&nbsp;USBD_ParseSetupRequest
</UL>

<P><STRONG><a name="[319]"></a>USBD_ClrFeature</STRONG> (Thumb, 62 bytes, Stack size 16 bytes, usbd_ctlreq.o(i.USBD_ClrFeature))
<BR><BR>[Stack]<UL><LI>Max Depth = 140<LI>Call Chain = USBD_ClrFeature &rArr; USBD_CtlSendStatus &rArr; USBD_LL_Transmit &rArr; HAL_PCD_EP_Transmit &rArr; USB_EPStartXfer &rArr; USB_WritePacket
</UL>
<BR>[Calls]<UL><LI><a href="#[318]">&gt;&gt;</a>&nbsp;&nbsp;&nbsp;USBD_CtlError
<LI><a href="#[31a]">&gt;&gt;</a>&nbsp;&nbsp;&nbsp;USBD_CtlSendStatus
</UL>
<BR>[Called By]<UL><LI><a href="#[32d]">&gt;&gt;</a>&nbsp;&nbsp;&nbsp;USBD_StdDevReq
</UL>

<P><STRONG><a name="[320]"></a>USBD_GetConfig</STRONG> (Thumb, 86 bytes, Stack size 16 bytes, usbd_ctlreq.o(i.USBD_GetConfig))
<BR><BR>[Stack]<UL><LI>Max Depth = 148<LI>Call Chain = USBD_GetConfig &rArr; USBD_CtlSendData &rArr; USBD_LL_Transmit &rArr; HAL_PCD_EP_Transmit &rArr; USB_EPStartXfer &rArr; USB_WritePacket
</UL>
<BR>[Calls]<UL><LI><a href="#[316]">&gt;&gt;</a>&nbsp;&nbsp;&nbsp;USBD_CtlSendData
<LI><a href="#[318]">&gt;&gt;</a>&nbsp;&nbsp;&nbsp;USBD_CtlError
</UL>
<BR>[Called By]<UL><LI><a href="#[32d]">&gt;&gt;</a>&nbsp;&nbsp;&nbsp;USBD_StdDevReq
</UL>

<P><STRONG><a name="[321]"></a>USBD_GetDescriptor</STRONG> (Thumb, 562 bytes, Stack size 24 bytes, usbd_ctlreq.o(i.USBD_GetDescriptor))
<BR><BR>[Stack]<UL><LI>Max Depth = 156<LI>Call Chain = USBD_GetDescriptor &rArr; USBD_CtlSendData &rArr; USBD_LL_Transmit &rArr; HAL_PCD_EP_Transmit &rArr; USB_EPStartXfer &rArr; USB_WritePacket
</UL>
<BR>[Calls]<UL><LI><a href="#[316]">&gt;&gt;</a>&nbsp;&nbsp;&nbsp;USBD_CtlSendData
<LI><a href="#[318]">&gt;&gt;</a>&nbsp;&nbsp;&nbsp;USBD_CtlError
<LI><a href="#[31a]">&gt;&gt;</a>&nbsp;&nbsp;&nbsp;USBD_CtlSendStatus
</UL>
<BR>[Called By]<UL><LI><a href="#[32d]">&gt;&gt;</a>&nbsp;&nbsp;&nbsp;USBD_StdDevReq
</UL>

<P><STRONG><a name="[323]"></a>USBD_GetLen</STRONG> (Thumb, 22 bytes, Stack size 0 bytes, usbd_ctlreq.o(i.USBD_GetLen))
<BR><BR>[Called By]<UL><LI><a href="#[31f]">&gt;&gt;</a>&nbsp;&nbsp;&nbsp;USBD_GetString
</UL>

<P><STRONG><a name="[322]"></a>USBD_GetStatus</STRONG> (Thumb, 90 bytes, Stack size 16 bytes, usbd_ctlreq.o(i.USBD_GetStatus))
<BR><BR>[Stack]<UL><LI>Max Depth = 148<LI>Call Chain = USBD_GetStatus &rArr; USBD_CtlSendData &rArr; USBD_LL_Transmit &rArr; HAL_PCD_EP_Transmit &rArr; USB_EPStartXfer &rArr; USB_WritePacket
</UL>
<BR>[Calls]<UL><LI><a href="#[316]">&gt;&gt;</a>&nbsp;&nbsp;&nbsp;USBD_CtlSendData
<LI><a href="#[318]">&gt;&gt;</a>&nbsp;&nbsp;&nbsp;USBD_CtlError
</UL>
<BR>[Called By]<UL><LI><a href="#[32d]">&gt;&gt;</a>&nbsp;&nbsp;&nbsp;USBD_StdDevReq
</UL>

<P><STRONG><a name="[332]"></a>USBD_SetAddress</STRONG> (Thumb, 90 bytes, Stack size 16 bytes, usbd_ctlreq.o(i.USBD_SetAddress))
<BR><BR>[Stack]<UL><LI>Max Depth = 140<LI>Call Chain = USBD_SetAddress &rArr; USBD_CtlSendStatus &rArr; USBD_LL_Transmit &rArr; HAL_PCD_EP_Transmit &rArr; USB_EPStartXfer &rArr; USB_WritePacket
</UL>
<BR>[Calls]<UL><LI><a href="#[318]">&gt;&gt;</a>&nbsp;&nbsp;&nbsp;USBD_CtlError
<LI><a href="#[31a]">&gt;&gt;</a>&nbsp;&nbsp;&nbsp;USBD_CtlSendStatus
<LI><a href="#[32b]">&gt;&gt;</a>&nbsp;&nbsp;&nbsp;USBD_LL_SetUSBAddress
</UL>
<BR>[Called By]<UL><LI><a href="#[32d]">&gt;&gt;</a>&nbsp;&nbsp;&nbsp;USBD_StdDevReq
</UL>

<P><STRONG><a name="[333]"></a>USBD_SetConfig</STRONG> (Thumb, 248 bytes, Stack size 16 bytes, usbd_ctlreq.o(i.USBD_SetConfig))
<BR><BR>[Stack]<UL><LI>Max Depth = 140<LI>Call Chain = USBD_SetConfig &rArr; USBD_CtlSendStatus &rArr; USBD_LL_Transmit &rArr; HAL_PCD_EP_Transmit &rArr; USB_EPStartXfer &rArr; USB_WritePacket
</UL>
<BR>[Calls]<UL><LI><a href="#[318]">&gt;&gt;</a>&nbsp;&nbsp;&nbsp;USBD_CtlError
<LI><a href="#[31a]">&gt;&gt;</a>&nbsp;&nbsp;&nbsp;USBD_CtlSendStatus
<LI><a href="#[334]">&gt;&gt;</a>&nbsp;&nbsp;&nbsp;USBD_SetClassConfig
<LI><a href="#[335]">&gt;&gt;</a>&nbsp;&nbsp;&nbsp;USBD_ClrClassConfig
</UL>
<BR>[Called By]<UL><LI><a href="#[32d]">&gt;&gt;</a>&nbsp;&nbsp;&nbsp;USBD_StdDevReq
</UL>

<P><STRONG><a name="[336]"></a>USBD_SetFeature</STRONG> (Thumb, 24 bytes, Stack size 16 bytes, usbd_ctlreq.o(i.USBD_SetFeature))
<BR><BR>[Stack]<UL><LI>Max Depth = 140<LI>Call Chain = USBD_SetFeature &rArr; USBD_CtlSendStatus &rArr; USBD_LL_Transmit &rArr; HAL_PCD_EP_Transmit &rArr; USB_EPStartXfer &rArr; USB_WritePacket
</UL>
<BR>[Calls]<UL><LI><a href="#[31a]">&gt;&gt;</a>&nbsp;&nbsp;&nbsp;USBD_CtlSendStatus
</UL>
<BR>[Called By]<UL><LI><a href="#[32d]">&gt;&gt;</a>&nbsp;&nbsp;&nbsp;USBD_StdDevReq
</UL>

<P><STRONG><a name="[21]"></a>USBD_CDC_DataIn</STRONG> (Thumb, 140 bytes, Stack size 24 bytes, usbd_cdc.o(i.USBD_CDC_DataIn))
<BR><BR>[Stack]<UL><LI>Max Depth = 140<LI>Call Chain = USBD_CDC_DataIn &rArr; USBD_LL_Transmit &rArr; HAL_PCD_EP_Transmit &rArr; USB_EPStartXfer &rArr; USB_WritePacket
</UL>
<BR>[Calls]<UL><LI><a href="#[311]">&gt;&gt;</a>&nbsp;&nbsp;&nbsp;USBD_LL_Transmit
</UL>
<BR>[Address Reference Count : 1]<UL><LI> usbd_cdc.o(.data)
</UL>
<P><STRONG><a name="[22]"></a>USBD_CDC_DataOut</STRONG> (Thumb, 52 bytes, Stack size 16 bytes, usbd_cdc.o(i.USBD_CDC_DataOut))
<BR><BR>[Stack]<UL><LI>Max Depth = 32<LI>Call Chain = USBD_CDC_DataOut &rArr; USBD_LL_GetRxDataSize
</UL>
<BR>[Calls]<UL><LI><a href="#[312]">&gt;&gt;</a>&nbsp;&nbsp;&nbsp;USBD_LL_GetRxDataSize
</UL>
<BR>[Address Reference Count : 1]<UL><LI> usbd_cdc.o(.data)
</UL>
<P><STRONG><a name="[1e]"></a>USBD_CDC_DeInit</STRONG> (Thumb, 84 bytes, Stack size 16 bytes, usbd_cdc.o(i.USBD_CDC_DeInit))
<BR><BR>[Stack]<UL><LI>Max Depth = 72<LI>Call Chain = USBD_CDC_DeInit &rArr; USBD_LL_CloseEP &rArr; HAL_PCD_EP_Close &rArr; USB_DeactivateEndpoint
</UL>
<BR>[Calls]<UL><LI><a href="#[313]">&gt;&gt;</a>&nbsp;&nbsp;&nbsp;USBD_LL_CloseEP
<LI><a href="#[1b8]">&gt;&gt;</a>&nbsp;&nbsp;&nbsp;free
</UL>
<BR>[Address Reference Count : 1]<UL><LI> usbd_cdc.o(.data)
</UL>
<P><STRONG><a name="[20]"></a>USBD_CDC_EP0_RxReady</STRONG> (Thumb, 50 bytes, Stack size 16 bytes, usbd_cdc.o(i.USBD_CDC_EP0_RxReady))
<BR><BR>[Stack]<UL><LI>Max Depth = 16<LI>Call Chain = USBD_CDC_EP0_RxReady
</UL>
<BR>[Address Reference Count : 1]<UL><LI> usbd_cdc.o(.data)
</UL>
<P><STRONG><a name="[24]"></a>USBD_CDC_GetFSCfgDesc</STRONG> (Thumb, 10 bytes, Stack size 0 bytes, usbd_cdc.o(i.USBD_CDC_GetFSCfgDesc))
<BR>[Address Reference Count : 1]<UL><LI> usbd_cdc.o(.data)
</UL>
<P><STRONG><a name="[23]"></a>USBD_CDC_GetHSCfgDesc</STRONG> (Thumb, 10 bytes, Stack size 0 bytes, usbd_cdc.o(i.USBD_CDC_GetHSCfgDesc))
<BR>[Address Reference Count : 1]<UL><LI> usbd_cdc.o(.data)
</UL>
<P><STRONG><a name="[25]"></a>USBD_CDC_GetOtherSpeedCfgDesc</STRONG> (Thumb, 10 bytes, Stack size 0 bytes, usbd_cdc.o(i.USBD_CDC_GetOtherSpeedCfgDesc))
<BR>[Address Reference Count : 1]<UL><LI> usbd_cdc.o(.data)
</UL>
<P><STRONG><a name="[1d]"></a>USBD_CDC_Init</STRONG> (Thumb, 192 bytes, Stack size 16 bytes, usbd_cdc.o(i.USBD_CDC_Init))
<BR><BR>[Stack]<UL><LI>Max Depth = 132<LI>Call Chain = USBD_CDC_Init &rArr; USBD_LL_PrepareReceive &rArr; HAL_PCD_EP_Receive &rArr; USB_EPStartXfer &rArr; USB_WritePacket
</UL>
<BR>[Calls]<UL><LI><a href="#[315]">&gt;&gt;</a>&nbsp;&nbsp;&nbsp;USBD_LL_PrepareReceive
<LI><a href="#[314]">&gt;&gt;</a>&nbsp;&nbsp;&nbsp;USBD_LL_OpenEP
<LI><a href="#[1b5]">&gt;&gt;</a>&nbsp;&nbsp;&nbsp;malloc
</UL>
<BR>[Address Reference Count : 1]<UL><LI> usbd_cdc.o(.data)
</UL>
<P><STRONG><a name="[1f]"></a>USBD_CDC_Setup</STRONG> (Thumb, 250 bytes, Stack size 32 bytes, usbd_cdc.o(i.USBD_CDC_Setup))
<BR><BR>[Stack]<UL><LI>Max Depth = 164<LI>Call Chain = USBD_CDC_Setup &rArr; USBD_CtlPrepareRx &rArr; USBD_LL_PrepareReceive &rArr; HAL_PCD_EP_Receive &rArr; USB_EPStartXfer &rArr; USB_WritePacket
</UL>
<BR>[Calls]<UL><LI><a href="#[317]">&gt;&gt;</a>&nbsp;&nbsp;&nbsp;USBD_CtlPrepareRx
<LI><a href="#[316]">&gt;&gt;</a>&nbsp;&nbsp;&nbsp;USBD_CtlSendData
<LI><a href="#[318]">&gt;&gt;</a>&nbsp;&nbsp;&nbsp;USBD_CtlError
</UL>
<BR>[Address Reference Count : 1]<UL><LI> usbd_cdc.o(.data)
</UL>
<P><STRONG><a name="[3b3]"></a>touchgfx::prepareTransition(touchgfx::Screen**, touchgfx::Presenter**, touchgfx::Transition**)</STRONG> (Thumb, 96 bytes, Stack size 24 bytes, frontendapplicationbase.o(i._ZN8touchgfx17prepareTransitionEPPNS_6ScreenEPPNS_9PresenterEPPNS_10TransitionE))
<BR><BR>[Stack]<UL><LI>Max Depth = 24<LI>Call Chain = touchgfx::prepareTransition(touchgfx::Screen**, touchgfx::Presenter**, touchgfx::Transition**)
</UL>
<BR>[Calls]<UL><LI><a href="#[36a]">&gt;&gt;</a>&nbsp;&nbsp;&nbsp;touchgfx::Application::getInstance()
<LI><a href="#[392]">&gt;&gt;</a>&nbsp;&nbsp;&nbsp;touchgfx::Application::clearAllTimerWidgets()
</UL>
<BR>[Called By]<UL><LI><a href="#[36f]">&gt;&gt;</a>&nbsp;&nbsp;&nbsp;T2* touchgfx::makeTransition&lang;Screen1View, Screen1Presenter, touchgfx::NoTransition, Model&rang;(touchgfx::Screen**, touchgfx::Presenter**, touchgfx::MVPHeap&, touchgfx::Transition**, T4*)
</UL>

<P><STRONG><a name="[19a]"></a>__sti___21_typedtextdatabase_cpp__fonts</STRONG> (Thumb, 28 bytes, Stack size 8 bytes, typedtextdatabase.o(i.__sti___21_typedtextdatabase_cpp__fonts))
<BR><BR>[Stack]<UL><LI>Max Depth = 168<LI>Call Chain = __sti___21_typedtextdatabase_cpp__fonts &rArr; getFont_verdana_40_4bpp() &rArr; touchgfx::GeneratedFont::GeneratedFont(const touchgfx::GlyphNode*, unsigned short, unsigned short, unsigned char, unsigned char, unsigned char, unsigned char, unsigned char, const unsigned char*const *, const touchgfx::KerningNode*, unsigned short, unsigned short, const unsigned short*) &rArr; touchgfx::ConstFont::ConstFont__sub_object(const touchgfx::GlyphNode*, unsigned short, unsigned short, unsigned char, unsigned char, unsigned char, unsigned char, unsigned char, unsigned short, unsigned short)
</UL>
<BR>[Calls]<UL><LI><a href="#[33f]">&gt;&gt;</a>&nbsp;&nbsp;&nbsp;getFont_verdana_40_4bpp()
<LI><a href="#[33e]">&gt;&gt;</a>&nbsp;&nbsp;&nbsp;getFont_verdana_20_4bpp()
<LI><a href="#[33b]">&gt;&gt;</a>&nbsp;&nbsp;&nbsp;getFont_verdana_10_4bpp()
</UL>
<BR>[Address Reference Count : 1]<UL><LI> typedtextdatabase.o(.init_array)
</UL>
<P><STRONG><a name="[19b]"></a>__sti___15_Application_cpp_63cd8d44</STRONG> (Thumb, 20 bytes, Stack size 8 bytes, application.o(i.__sti___15_Application_cpp_63cd8d44))
<BR><BR>[Stack]<UL><LI>Max Depth = 16<LI>Call Chain = __sti___15_Application_cpp_63cd8d44 &rArr; touchgfx::Rect::Rect(short, short, short, short)
</UL>
<BR>[Calls]<UL><LI><a href="#[38c]">&gt;&gt;</a>&nbsp;&nbsp;&nbsp;touchgfx::Rect::Rect(short, short, short, short)
</UL>
<BR>[Address Reference Count : 1]<UL><LI> application.o(.init_array)
</UL>
<P><STRONG><a name="[19c]"></a>__sti___7_LCD_cpp_86507772</STRONG> (Thumb, 8 bytes, Stack size 0 bytes, lcd.o(i.__sti___7_LCD_cpp_86507772))
<BR>[Address Reference Count : 1]<UL><LI> lcd.o(.init_array)
</UL><P>
<H3>
Undefined Global Symbols
</H3><HR></body></html>
